Archive member included because of file (symbol)

C:\fehqt\Proteus/EWL/lib/armv7e-m\libc.a(sprintf.o)
                              Libraries\FEHLCD.o (sprintf)
C:\fehqt\Proteus/EWL/lib/armv7e-m\libc.a(vsnprintf.o)
                              C:\fehqt\Proteus/EWL/lib/armv7e-m\libc.a(sprintf.o) (vsnprintf)
C:\fehqt\Proteus/EWL/lib/armv7e-m\libc.a(exit.o)
                              Startup\__arm_start.o (exit)
C:\fehqt\Proteus/EWL/lib/armv7e-m\libc.a(memcpy.o)
                              C:\fehqt\Proteus/EWL/lib/armv7e-m\libc.a(vsnprintf.o) (memcpy)
C:\fehqt\Proteus/EWL/lib/armv7e-m\libc.a(memset.o)
                              Startup\__arm_start.o (memset)
C:\fehqt\Proteus/EWL/lib/armv7e-m\libc.a(strcmp.o)
                              Libraries\FEHLCD.o (strcmp)
C:\fehqt\Proteus/EWL/lib/armv7e-m\libc.a(strcpy.o)
                              Libraries\FEHLCD.o (strcpy)
C:\fehqt\Proteus/EWL/lib/armv7e-m\libc.a(strlen.o)
                              Libraries\FEHLCD.o (strlen)
C:\fehqt\Proteus/EWL/lib/armv7e-m\libc.a(printformat_.o)
                              (__pformatter_)
C:\fehqt\Proteus/EWL/lib/armv7e-m\libc.a(scanformat_.o)
                              (__sformatter)
C:\fehqt\Proteus/EWL/lib/armv7e-m\libc.a(ctype_aeabi.o)
                              C:\fehqt\Proteus/EWL/lib/armv7e-m\libc.a(scanformat_.o) (isspace)
C:\fehqt\Proteus/EWL/lib/armv7e-m\libc.a(__strtoul.o)
                              C:\fehqt\Proteus/EWL/lib/armv7e-m\libc.a(scanformat_.o) (__strtoul)
C:\fehqt\Proteus/EWL/lib/armv7e-m\libc.a(__filll_mem.o)
                              C:\fehqt\Proteus/EWL/lib/armv7e-m\libc.a(memset.o) (__fill_mem)
C:\fehqt\Proteus/EWL/lib/armv7e-m\libc.a(memchr.o)
                              C:\fehqt\Proteus/EWL/lib/armv7e-m\libc.a(printformat_.o) (memchr)
C:\fehqt\Proteus/EWL/lib/armv7e-m\libc.a(strchr.o)
                              C:\fehqt\Proteus/EWL/lib/armv7e-m\libc.a(printformat_.o) (strchr)
c:/fehqt/proteus/gcc/bin/../lib/gcc/arm-none-eabi/4.6.2/armv7e-m\libgcc.a(_arm_addsubdf3.o)
                              ..\main.o (__aeabi_dsub)
c:/fehqt/proteus/gcc/bin/../lib/gcc/arm-none-eabi/4.6.2/armv7e-m\libgcc.a(_arm_muldivdf3.o)
                              ..\main.o (__aeabi_dmul)
c:/fehqt/proteus/gcc/bin/../lib/gcc/arm-none-eabi/4.6.2/armv7e-m\libgcc.a(_arm_cmpdf2.o)
                              ..\main.o (__aeabi_dcmplt)
c:/fehqt/proteus/gcc/bin/../lib/gcc/arm-none-eabi/4.6.2/armv7e-m\libgcc.a(_arm_fixdfsi.o)
                              ..\main.o (__aeabi_d2iz)
c:/fehqt/proteus/gcc/bin/../lib/gcc/arm-none-eabi/4.6.2/armv7e-m\libgcc.a(_arm_fixunsdfsi.o)
                              Libraries\FEHUtility.o (__aeabi_d2uiz)
c:/fehqt/proteus/gcc/bin/../lib/gcc/arm-none-eabi/4.6.2/armv7e-m\libgcc.a(_arm_truncdfsf2.o)
                              Libraries\FEHMotor.o (__aeabi_d2f)
c:/fehqt/proteus/gcc/bin/../lib/gcc/arm-none-eabi/4.6.2/armv7e-m\libgcc.a(_arm_addsubsf3.o)
                              ..\main.o (__aeabi_fsub)
c:/fehqt/proteus/gcc/bin/../lib/gcc/arm-none-eabi/4.6.2/armv7e-m\libgcc.a(_arm_muldivsf3.o)
                              Drivers\mcg.o (__aeabi_fmul)
c:/fehqt/proteus/gcc/bin/../lib/gcc/arm-none-eabi/4.6.2/armv7e-m\libgcc.a(_arm_cmpsf2.o)
                              Libraries\FEHServo.o (__aeabi_fcmpeq)
c:/fehqt/proteus/gcc/bin/../lib/gcc/arm-none-eabi/4.6.2/armv7e-m\libgcc.a(_arm_fixsfsi.o)
                              Libraries\FEHLCD.o (__aeabi_f2iz)
c:/fehqt/proteus/gcc/bin/../lib/gcc/arm-none-eabi/4.6.2/armv7e-m\libgcc.a(_arm_fixunssfsi.o)
                              Drivers\mcg.o (__aeabi_f2uiz)
C:\fehqt\Proteus/EWL/lib/armv7e-m\librt.a(gcc_ctor_dtor.o)
                              Startup\__arm_start.o (__init_cpp)
C:\fehqt\Proteus/EWL/lib/armv7e-m\librt.a(ROMCopy.o)
                              Startup\__arm_start.o (__copy_rom_sections_to_ram)
C:\fehqt\Proteus/EWL/lib/armv7e-m\librt.a(__arm_eabi_init.o)
                              C:\fehqt\Proteus/EWL/lib/armv7e-m\libc.a(exit.o) (__destroy_global_chain)
C:\fehqt\Proteus/EWL/lib/armv7e-m\librt.a(New.o)
                              Libraries\FEHIO.o (operator new(unsigned int))
c:/fehqt/proteus/gcc/bin/../lib/gcc/arm-none-eabi/4.6.2/../../../../arm-none-eabi/lib/armv7e-m\libsupc++.a(class_type_info.o)
                              C:\fehqt\Proteus/EWL/lib/armv7e-m\librt.a(New.o) (vtable for __cxxabiv1::__class_type_info)
c:/fehqt/proteus/gcc/bin/../lib/gcc/arm-none-eabi/4.6.2/../../../../arm-none-eabi/lib/armv7e-m\libsupc++.a(eh_alloc.o)
                              C:\fehqt\Proteus/EWL/lib/armv7e-m\librt.a(New.o) (__cxa_allocate_exception)
c:/fehqt/proteus/gcc/bin/../lib/gcc/arm-none-eabi/4.6.2/../../../../arm-none-eabi/lib/armv7e-m\libsupc++.a(eh_arm.o)
                              C:\fehqt\Proteus/EWL/lib/armv7e-m\librt.a(New.o) (__cxa_end_cleanup)
c:/fehqt/proteus/gcc/bin/../lib/gcc/arm-none-eabi/4.6.2/../../../../arm-none-eabi/lib/armv7e-m\libsupc++.a(eh_aux_runtime.o)
[...]
Memory Configuration

Name             Origin             Length             Attributes
m_interrupts     0x0000c000         0x00000400         xr
m_cfmprotrom     0x0000c400         0x00000010         xr
m_text           0x0000c410         0x00073bf0         xr
m_data           0x1fff0400         0x0000fc00         xrw
m_data2          0x20000000         0x00010000         xrw
*default*        0x00000000         0xffffffff

Linker script and memory map

LOAD ..\main.o
LOAD Startup\__arm_start.o
LOAD Startup\__arm_end.o
LOAD Startup\kinetis_sysinit.o
LOAD Libraries\FEHMotor.o
LOAD Drivers\mcg.o
LOAD Drivers\i2c.o
LOAD Drivers\spi.o
LOAD Drivers\uart.o
LOAD Drivers\ff.o
LOAD Drivers\SDHC.o
LOAD Drivers\lptmr.o
LOAD FEHProteus.o
LOAD Drivers\FEHPropeller.o
LOAD Libraries\FEHUtility.o
LOAD Libraries\FEHIO.o
LOAD Drivers\adc16.o
LOAD Libraries\FEHBuzzer.o
LOAD Libraries\FEHServo.o
LOAD Libraries\FEHLCD.o
LOAD Libraries\FEHAccel.o
LOAD Libraries\FEHBattery.o
LOAD Drivers\FEHXBee.o
LOAD Libraries\FEHRPS.o
LOAD Libraries\FEHSD.o
                0x00013bd4                __pformatter = __pformatter_
                [0x00013fcc]                __sformatter = __sformatter
LOAD C:\fehqt\Proteus/EWL/lib/armv7e-m\libstdc++.a
LOAD C:\fehqt\Proteus/EWL/lib/armv7e-m\libm.a
START GROUP
LOAD C:\fehqt\Proteus/EWL/lib/armv7e-m\libc.a
LOAD C:\fehqt\Proteus/EWL/lib/armv7e-m\libc++.a
LOAD C:\fehqt\Proteus/EWL/lib/armv7e-m\libm.a
LOAD c:/fehqt/proteus/gcc/bin/../lib/gcc/arm-none-eabi/4.6.2/armv7e-m\libgcc.a
LOAD C:\fehqt\Proteus/EWL/lib/armv7e-m\librt.a
LOAD c:/fehqt/proteus/gcc/bin/../lib/gcc/arm-none-eabi/4.6.2/../../../../arm-none-eabi/lib/armv7e-m\libsupc++.a
END GROUP
                0x20000000                _estack = 0x20000000
                0x20000000                __SP_INIT = _estack
                0x00000800                __heap_size = 0x800
                0x00000800                __stack_size = 0x800

.interrupts     0x0000c000      0x1e0
                0x0000c000                __vector_table = .
                0x0000c000                . = ALIGN (0x4)
 *(.vectortable)
 .vectortable   0x0000c000      0x1e0 Startup\kinetis_sysinit.o
                0x0000c1e0                . = ALIGN (0x4)

.cfmprotect     0x0000c400        0x0
                0x0000c400                . = ALIGN (0x4)
 *(.cfmconfig)
                0x0000c400                . = ALIGN (0x4)

.text           0x0000c410     0x8c14
                0x0000c410                . = ALIGN (0x4)
 *(.text)
 .text          0x0000c410      0x370 c:/fehqt/proteus/gcc/bin/../lib/gcc/arm-none-eabi/4.6.2/armv7e-m\libgcc.a(_arm_addsubdf3.o)
                0x0000c410                __aeabi_drsub
                0x0000c418                __aeabi_dsub
                0x0000c418                __subdf3
                0x0000c41c                __aeabi_dadd
                0x0000c41c                __adddf3
                0x0000c694                __floatunsidf
                0x0000c694                __aeabi_ui2d
                0x0000c6b4                __floatsidf
                0x0000c6b4                __aeabi_i2d
                0x0000c6d8                __aeabi_f2d
                0x0000c6d8                __extendsfdf2
                0x0000c714                __floatundidf
                0x0000c714                __aeabi_ul2d
                0x0000c724                __floatdidf
                0x0000c724                __aeabi_l2d
 .text          0x0000c780      0x424 c:/fehqt/proteus/gcc/bin/../lib/gcc/arm-none-eabi/4.6.2/armv7e-m\libgcc.a(_arm_muldivdf3.o)
                0x0000c780                __aeabi_dmul
                0x0000c780                __muldf3
                0x0000c9d4                __divdf3
                0x0000c9d4                __aeabi_ddiv
 .text          0x0000cba4       0x40 c:/fehqt/proteus/gcc/bin/../lib/gcc/arm-none-eabi/4.6.2/armv7e-m\libgcc.a(_arm_fixunsdfsi.o)
                0x0000cba4                __aeabi_d2uiz
                0x0000cba4                __fixunsdfsi
 .text          0x0000cbe4       0xa0 c:/fehqt/proteus/gcc/bin/../lib/gcc/arm-none-eabi/4.6.2/armv7e-m\libgcc.a(_arm_truncdfsf2.o)
                0x0000cbe4                __truncdfsf2
                0x0000cbe4                __aeabi_d2f
 .text          0x0000cc84      0x21c c:/fehqt/proteus/gcc/bin/../lib/gcc/arm-none-eabi/4.6.2/armv7e-m\libgcc.a(_arm_addsubsf3.o)
                0x0000cc84                __aeabi_frsub
                0x0000cc8c                __subsf3
                0x0000cc8c                __aeabi_fsub
                0x0000cc90                __aeabi_fadd
                0x0000cc90                __addsf3
                0x0000cdf0                __aeabi_ui2f
                0x0000cdf0                __floatunsisf
                0x0000cdf8                __aeabi_i2f
                0x0000cdf8                __floatsisf
                0x0000ce14                __aeabi_ul2f
                0x0000ce14                __floatundisf
                0x0000ce24                __aeabi_l2f
                0x0000ce24                __floatdisf
 .text          0x0000cea0      0x2a0 c:/fehqt/proteus/gcc/bin/../lib/gcc/arm-none-eabi/4.6.2/armv7e-m\libgcc.a(_arm_muldivsf3.o)
                0x0000cea0                __mulsf3
                0x0000cea0                __aeabi_fmul
                0x0000d008                __aeabi_fdiv
                0x0000d008                __divsf3
 .text          0x0000d140       0xec c:/fehqt/proteus/gcc/bin/../lib/gcc/arm-none-eabi/4.6.2/armv7e-m\libgcc.a(_arm_cmpsf2.o)
                0x0000d140                __gesf2
                0x0000d140                __gtsf2
                0x0000d148                __lesf2
                0x0000d148                __ltsf2
                0x0000d150                __nesf2
                0x0000d150                __eqsf2
                0x0000d150                __cmpsf2
                0x0000d1b0                __aeabi_cfrcmple
                0x0000d1b8                __aeabi_cfcmpeq
                0x0000d1b8                __aeabi_cfcmple
                0x0000d1c8                __aeabi_fcmpeq
                0x0000d1dc                __aeabi_fcmplt
                0x0000d1f0                __aeabi_fcmple
                0x0000d204                __aeabi_fcmpge
                0x0000d218                __aeabi_fcmpgt
 *(.text*)
 *fill*         0x0000d22c        0x4 00
 .text.main     0x0000d230      0x200 ..\main.o
                0x0000d230                main
 .text._Z41__static_initialization_and_destruction_0ii
                0x0000d430      0x130 ..\main.o
 .text._GLOBAL__sub_I_frontLeftBump
                0x0000d560       0x14 ..\main.o
 .text.zero_fill_bss
                0x0000d574       0x34 Startup\__arm_start.o
 .text.__thumb_startup
                0x0000d5a8       0x34 Startup\__arm_start.o
                0x0000d5a8                __thumb_startup
 .text.InitFEHProteus
                0x0000d5dc      0x15c Startup\__arm_start.o
                0x0000d5dc                InitFEHProteus
 .text.pll_init_bl
                0x0000d738      0x130 Startup\__arm_start.o
 .text.InitPowerButton
                0x0000d868       0x90 Startup\__arm_start.o
                0x0000d868                InitPowerButton
 .text._ExitProcess
                0x0000d8f8        0xc Startup\__arm_end.o
                0x0000d8f8                _ExitProcess
 .text.Default_Handler
                0x0000d904        0xc Startup\kinetis_sysinit.o
                0x0000d904                BusFault_Handler()
                0x0000d904                HardFault_Handler()
                0x0000d904                SysTick_Handler()
                0x0000d904                PendSV_Handler()
                0x0000d904                DebugMonitor_Handler()
                0x0000d904                MemManage_Handler()
                0x0000d904                NMI_Handler()
                0x0000d904                SVC_Handler()
                0x0000d904                Default_Handler
                0x0000d904                UsageFault_Handler()
 .text.__init_hardware
                0x0000d910       0x44 Startup\kinetis_sysinit.o
                0x0000d910                __init_hardware
 .text._Z8PortDISRv
                0x0000d954       0x64 Startup\kinetis_sysinit.o
                0x0000d954                PortDISR()
 .text._ZN8FEHMotorC2ENS_12FEHMotorPortEf
                0x0000d9b8       0xb0 Libraries\FEHMotor.o
                0x0000d9b8                FEHMotor::FEHMotor(FEHMotor::FEHMotorPort, float)
                0x0000d9b8                FEHMotor::FEHMotor(FEHMotor::FEHMotorPort, float)
 .text._Z21IIC_StartTransmissionhh
                0x0000da68       0x98 Drivers\i2c.o
                0x0000da68                IIC_StartTransmission(unsigned char, unsigned char)
 .text._Z5Pausev
                0x0000db00       0x34 Drivers\i2c.o
                0x0000db00                Pause()
 .text._Z21MMA8451QWriteRegisterhh
                0x0000db34      0x12c Drivers\i2c.o
                0x0000db34                MMA8451QWriteRegister(unsigned char, unsigned char)
 .text._Z12SPI_SendCharh
                0x0000dc60       0x1c Drivers\spi.o
                0x0000dc60                SPI_SendChar(unsigned char)
 .text._Z16SPI_WriteCommandhh
                0x0000dc7c       0x34 Drivers\spi.o
                0x0000dc7c                SPI_WriteCommand(unsigned char, unsigned char)
 .text._Z13SPI_CS_Assertv
                0x0000dcb0       0x24 Drivers\spi.o
                0x0000dcb0                SPI_CS_Assert()
 .text._Z15SPI_CS_Deassertv
                0x0000dcd4       0x24 Drivers\spi.o
                0x0000dcd4                SPI_CS_Deassert()
 .text._Z12SPI_Transferh
                0x0000dcf8       0x88 Drivers\spi.o
                0x0000dcf8                SPI_Transfer(unsigned char)
 .text._Z8SPI_Initv
                0x0000dd80       0xe8 Drivers\spi.o
                0x0000dd80                SPI_Init()
 .text._Z9uart_initPV11UART_MemMapii
                0x0000de68      0x20c Drivers\uart.o
                0x0000de68                uart_init(UART_MemMap volatile*, int, int)
 .text._Z12uart_getcharPV11UART_MemMap
                0x0000e074       0x34 Drivers\uart.o
                0x0000e074                uart_getchar(UART_MemMap volatile*)
 .text._Z12uart_putcharPV11UART_MemMapc
                0x0000e0a8       0x38 Drivers\uart.o
                0x0000e0a8                uart_putchar(UART_MemMap volatile*, char)
 .text._ZL7mem_setPvij
                0x0000e0e0       0x44 Drivers\ff.o
 .text._ZL11move_windowP5FATFSm
                0x0000e124       0xf0 Drivers\ff.o
 .text._ZL4syncP5FATFS
                0x0000e214      0x188 Drivers\ff.o
 .text._ZL8validateP5FATFSt
                0x0000e39c       0x54 Drivers\ff.o
 .text._Z6f_syncP3FIL
                0x0000e3f0      0x1c0 Drivers\ff.o
                0x0000e3f0                f_sync(FIL*)
 .text._Z7f_closeP3FIL
                0x0000e5b0       0x2c Drivers\ff.o
                0x0000e5b0                f_close(FIL*)
 .text._ZL17SDHC_set_baudratemm
                0x0000e5dc      0x14c Drivers\SDHC.o
 .text._Z9SDHC_initP17esdhc_info_structPK17esdhc_init_struct
                0x0000e728      0x1c4 Drivers\SDHC.o
                0x0000e728                SDHC_init(esdhc_info_struct*, esdhc_init_struct const*)
 .text._ZL15SDHC_is_runningv
                0x0000e8ec       0x28 Drivers\SDHC.o
 .text._ZL16SDHC_status_waitm
                0x0000e914       0x38 Drivers\SDHC.o
 .text._ZL17SDHC_send_commandP20esdhc_command_struct
                0x0000e94c      0x2a0 Drivers\SDHC.o
 .text._Z10SDHC_ioctlmPv
                0x0000ebec      0x978 Drivers\SDHC.o
                0x0000ebec                SDHC_ioctl(unsigned long, void*)
 .text._ZL14rcvr_datablockPhm
                0x0000f564      0x134 Drivers\SDHC.o
 .text._Z9disk_readhPhmh
                0x0000f698      0x13c Drivers\SDHC.o
                0x0000f698                disk_read(unsigned char, unsigned char*, unsigned long, unsigned char)
 .text._ZL14xmit_datablockPKhm
                0x0000f7d4       0xe0 Drivers\SDHC.o
 .text._Z10disk_writehPKhmh
                0x0000f8b4      0x1cc Drivers\SDHC.o
                0x0000f8b4                disk_write(unsigned char, unsigned char const*, unsigned long, unsigned char)
 .text._Z10disk_ioctlhhPv
                0x0000fa80      0x128 Drivers\SDHC.o
                0x0000fa80                disk_ioctl(unsigned char, unsigned char, void*)
 .text._Z11disk_statush
                0x0000fba8       0x30 Drivers\SDHC.o
                0x0000fba8                disk_status(unsigned char)
 .text._Z13time_delay_msm
                0x0000fbd8       0xa4 Drivers\lptmr.o
                0x0000fbd8                time_delay_ms(unsigned long)
 .text._Z41__static_initialization_and_destruction_0ii
                0x0000fc7c       0x30 FEHProteus.o
 .text._GLOBAL__sub_I_Propeller
                0x0000fcac       0x14 FEHProteus.o
 .text._ZN12FEHPropellerC2Ev
                0x0000fcc0       0x20 Drivers\FEHPropeller.o
                0x0000fcc0                FEHPropeller::FEHPropeller()
                0x0000fcc0                FEHPropeller::FEHPropeller()
 .text._ZN12FEHPropeller10InitializeEv
                0x0000fce0       0x94 Drivers\FEHPropeller.o
                0x0000fce0                FEHPropeller::Initialize()
 .text._ZL5Delaymjj
                0x0000fd74       0xc4 Libraries\FEHUtility.o
 .text._Z5Sleepi
                0x0000fe38       0x34 Libraries\FEHUtility.o
                0x0000fe38                Sleep(int)
 *fill*         0x0000fe6c        0x4 00
 .text._Z5Sleepd
                0x0000fe70       0x58 Libraries\FEHUtility.o
                0x0000fe70                Sleep(double)
 .text._ZN15DigitalInputPinC2EN5FEHIO8FEHIOPinE
                0x0000fec8       0x24 Libraries\FEHIO.o
                0x0000fec8                DigitalInputPin::DigitalInputPin(FEHIO::FEHIOPin)
                0x0000fec8                DigitalInputPin::DigitalInputPin(FEHIO::FEHIOPin)
 .text._ZN15DigitalInputPinC2Ev
                0x0000feec       0x18 Libraries\FEHIO.o
                0x0000feec                DigitalInputPin::DigitalInputPin()
                0x0000feec                DigitalInputPin::DigitalInputPin()
 .text._ZN15DigitalInputPin10InitializeEN5FEHIO8FEHIOPinE
                0x0000ff04      0x224 Libraries\FEHIO.o
                0x0000ff04                DigitalInputPin::Initialize(FEHIO::FEHIOPin)
 .text._ZN15DigitalInputPin5ValueEv
                0x00010128      0x148 Libraries\FEHIO.o
                0x00010128                DigitalInputPin::Value()
 .text._ZN14DigitalEncoderC2EN5FEHIO8FEHIOPinE
                0x00010270       0x2c Libraries\FEHIO.o
                0x00010270                DigitalEncoder::DigitalEncoder(FEHIO::FEHIOPin)
                0x00010270                DigitalEncoder::DigitalEncoder(FEHIO::FEHIOPin)
 .text._Z10enable_irqi
                0x0001029c      0x1cc Libraries\FEHIO.o
                0x0001029c                enable_irq(int)
 .text._ZN14DigitalEncoder10InitializeEN5FEHIO8FEHIOPinENS0_21FEHIOInterruptTriggerE
                0x00010468      0x224 Libraries\FEHIO.o
                0x00010468                DigitalEncoder::Initialize(FEHIO::FEHIOPin, FEHIO::FEHIOInterruptTrigger)
 .text._Z9portB_isrv
                0x0001068c       0xd4 Libraries\FEHIO.o
                0x0001068c                portB_isr()
 .text._Z9portC_isrv
                0x00010760       0xd8 Libraries\FEHIO.o
                0x00010760                portC_isr()
 .text._Z9portA_isrv
                0x00010838       0xd8 Libraries\FEHIO.o
                0x00010838                portA_isr()
 .text._Z9portE_isrv
                0x00010910       0xd0 Libraries\FEHIO.o
                0x00010910                portE_isr()
 .text._ZN14AnalogInputPinC2EN5FEHIO8FEHIOPinE
                0x000109e0       0x20 Libraries\FEHIO.o
                0x000109e0                AnalogInputPin::AnalogInputPin(FEHIO::FEHIOPin)
                0x000109e0                AnalogInputPin::AnalogInputPin(FEHIO::FEHIOPin)
 .text._ZN13AnalogEncoder12EncoderValueEv
                0x00010a00       0xe4 Libraries\FEHIO.o
                0x00010a00                AnalogEncoder::EncoderValue()
 .text._ZN14AnalogInputPin8InitADCsEv
                0x00010ae4      0x120 Libraries\FEHIO.o
                0x00010ae4                AnalogInputPin::InitADCs()
 .text._Z8pit0_isrv
                0x00010c04       0x34 Libraries\FEHIO.o
                0x00010c04                pit0_isr()
 .text._ZN13AnalogEncoder4InitEv
                0x00010c38       0x64 Libraries\FEHIO.o
                0x00010c38                AnalogEncoder::Init()
 .text._ZN13AnalogEncoder14SetCounterInitEj
                0x00010c9c       0x20 Libraries\FEHIO.o
                0x00010c9c                AnalogEncoder::SetCounterInit(unsigned int)
 .text._ZN13AnalogEncoder10ProcessIntEv
                0x00010cbc       0x80 Libraries\FEHIO.o
                0x00010cbc                AnalogEncoder::ProcessInt()
 .text._ZN13AnalogEncoder14ProcessIntSelfEv
                0x00010d3c       0x80 Libraries\FEHIO.o
                0x00010d3c                AnalogEncoder::ProcessIntSelf()
 .text._ZN11ButtonBoardC2EN5FEHIO9FEHIOPortE
                0x00010dbc      0x10c Libraries\FEHIO.o
                0x00010dbc                ButtonBoard::ButtonBoard(FEHIO::FEHIOPort)
                0x00010dbc                ButtonBoard::ButtonBoard(FEHIO::FEHIOPort)
 .text._ZN11ButtonBoard11LeftPressedEv
                0x00010ec8       0x24 Libraries\FEHIO.o
                0x00010ec8                ButtonBoard::LeftPressed()
 .text._ZN11ButtonBoard13MiddlePressedEv
                0x00010eec       0x28 Libraries\FEHIO.o
                0x00010eec                ButtonBoard::MiddlePressed()
 .text._ZN11ButtonBoard12RightPressedEv
                0x00010f14       0x28 Libraries\FEHIO.o
                0x00010f14                ButtonBoard::RightPressed()
 .text._Z7ADC_CalPV10ADC_MemMap
                0x00010f3c      0x14c Drivers\adc16.o
                0x00010f3c                ADC_Cal(ADC_MemMap volatile*)
 .text._Z14ADC_Config_AltPV10ADC_MemMapP7adc_cfg
                0x00011088       0x6c Drivers\adc16.o
                0x00011088                ADC_Config_Alt(ADC_MemMap volatile*, adc_cfg*)
 .text._ZN9FEHBuzzerC2Ev
                0x000110f4       0x18 Libraries\FEHBuzzer.o
                0x000110f4                FEHBuzzer::FEHBuzzer()
                0x000110f4                FEHBuzzer::FEHBuzzer()
 .text._Z41__static_initialization_and_destruction_0ii
                0x0001110c       0x30 Libraries\FEHBuzzer.o
 .text._GLOBAL__sub_I_Buzzer
                0x0001113c       0x14 Libraries\FEHBuzzer.o
 .text._ZN8FEHServoC2ENS_12FEHServoPortE
                0x00011150       0x3c Libraries\FEHServo.o
                0x00011150                FEHServo::FEHServo(FEHServo::FEHServoPort)
                0x00011150                FEHServo::FEHServo(FEHServo::FEHServoPort)
 .text._ZN8FEHServo6SetMinEi
                0x0001118c       0x3c Libraries\FEHServo.o
                0x0001118c                FEHServo::SetMin(int)
 .text._ZN8FEHServo6SetMaxEi
                0x000111c8       0x3c Libraries\FEHServo.o
                0x000111c8                FEHServo::SetMax(int)
 *fill*         0x00011204        0x4 00
 .text._ZN8FEHServo9SetDegreeEf
                0x00011208      0x148 Libraries\FEHServo.o
                0x00011208                FEHServo::SetDegree(float)
 .text._ZN6FEHLCD11_InitializeEv
                0x00011350      0x5dc Libraries\FEHLCD.o
                0x00011350                FEHLCD::_Initialize()
 .text._ZN6FEHLCDC2Ev
                0x0001192c       0x64 Libraries\FEHLCD.o
                0x0001192c                FEHLCD::FEHLCD()
                0x0001192c                FEHLCD::FEHLCD()
 .text._ZN6FEHLCD10InitializeEv
                0x00011990       0x38 Libraries\FEHLCD.o
                0x00011990                FEHLCD::Initialize()
 .text._ZN6FEHLCD10PrintImageEii
                0x000119c8      0x100 Libraries\FEHLCD.o
                0x000119c8                FEHLCD::PrintImage(int, int)
 .text._ZN6FEHLCD9PrintLogoEii
                0x00011ac8      0x100 Libraries\FEHLCD.o
                0x00011ac8                FEHLCD::PrintLogo(int, int)
 .text._ZN6FEHLCD22ConvertFEHColorTo24BitENS_11FEHLCDColorE
                0x00011bc8       0x80 Libraries\FEHLCD.o
                0x00011bc8                FEHLCD::ConvertFEHColorTo24Bit(FEHLCD::FEHLCDColor)
 .text._ZN6FEHLCD24Convert24BitColorTo16BitEj
                0x00011c48       0x40 Libraries\FEHLCD.o
                0x00011c48                FEHLCD::Convert24BitColorTo16Bit(unsigned int)
 .text._ZN6FEHLCD22ConvertRGBColorTo16BitEhhh
                0x00011c88       0x44 Libraries\FEHLCD.o
                0x00011c88                FEHLCD::ConvertRGBColorTo16Bit(unsigned char, unsigned char, unsigned char)
 .text._ZN6FEHLCD5ClearENS_11FEHLCDColorE
                0x00011ccc       0x28 Libraries\FEHLCD.o
                0x00011ccc                FEHLCD::Clear(FEHLCD::FEHLCDColor)
 .text._ZN6FEHLCD5ClearEj
                0x00011cf4       0x2c Libraries\FEHLCD.o
                0x00011cf4                FEHLCD::Clear(unsigned int)
 .text._ZN6FEHLCD18SetBackgroundColorENS_11FEHLCDColorE
                0x00011d20       0x28 Libraries\FEHLCD.o
                0x00011d20                FEHLCD::SetBackgroundColor(FEHLCD::FEHLCDColor)
 .text._ZN6FEHLCD18SetBackgroundColorEj
                0x00011d48       0x28 Libraries\FEHLCD.o
                0x00011d48                FEHLCD::SetBackgroundColor(unsigned int)
 .text._ZN6FEHLCD12SetFontColorENS_11FEHLCDColorE
                0x00011d70       0x28 Libraries\FEHLCD.o
                0x00011d70                FEHLCD::SetFontColor(FEHLCD::FEHLCDColor)
 .text._ZN6FEHLCD12SetFontColorEj
                0x00011d98       0x28 Libraries\FEHLCD.o
                0x00011d98                FEHLCD::SetFontColor(unsigned int)
 .text._ZN6FEHLCD7WriteAtEPKcii
                0x00011dc0       0x58 Libraries\FEHLCD.o
                0x00011dc0                FEHLCD::WriteAt(char const*, int, int)
 .text._ZN6FEHLCD11TS_SPI_InitEv
                0x00011e18       0xa8 Libraries\FEHLCD.o
                0x00011e18                FEHLCD::TS_SPI_Init()
 .text._ZN6FEHLCD5WriteEPKc
                0x00011ec0       0x5c Libraries\FEHLCD.o
                0x00011ec0                FEHLCD::Write(char const*)
 .text._ZN6FEHLCD5WriteEi
                0x00011f1c       0x34 Libraries\FEHLCD.o
                0x00011f1c                FEHLCD::Write(int)
 .text._ZN6FEHLCD9WriteLineEPKc
                0x00011f50       0x28 Libraries\FEHLCD.o
                0x00011f50                FEHLCD::WriteLine(char const*)
 .text._ZN6FEHLCD9WriteLineEi
                0x00011f78       0x28 Libraries\FEHLCD.o
                0x00011f78                FEHLCD::WriteLine(int)
 .text._ZN6FEHLCD10WriteIndexEh
                0x00011fa0      0x288 Libraries\FEHLCD.o
                0x00011fa0                FEHLCD::WriteIndex(unsigned char)
 .text._ZN6FEHLCD14WriteParameterEh
                0x00012228      0x254 Libraries\FEHLCD.o
                0x00012228                FEHLCD::WriteParameter(unsigned char)
 .text._ZN6FEHLCD6_ClearEv
                0x0001247c      0x228 Libraries\FEHLCD.o
                0x0001247c                FEHLCD::_Clear()
 .text._ZN6FEHLCD8NextLineEv
                0x000126a4       0x30 Libraries\FEHLCD.o
                0x000126a4                FEHLCD::NextLine()
 .text._ZN6FEHLCD9CheckLineEv
                0x000126d4       0x2c Libraries\FEHLCD.o
                0x000126d4                FEHLCD::CheckLine()
 .text._ZN6FEHLCD8NextCharEv
                0x00012700       0x34 Libraries\FEHLCD.o
                0x00012700                FEHLCD::NextChar()
 .text._ZN6FEHLCD13SetDrawRegionEiiii
                0x00012734      0x10c Libraries\FEHLCD.o
                0x00012734                FEHLCD::SetDrawRegion(int, int, int, int)
 .text._ZN6FEHLCD9WriteCharEiic
                0x00012840       0x40 Libraries\FEHLCD.o
                0x00012840                FEHLCD::WriteChar(int, int, char)
 .text._ZN6FEHLCD11WriteCharAtEiic
                0x00012880      0x278 Libraries\FEHLCD.o
                0x00012880                FEHLCD::WriteCharAt(int, int, char)
 .text._ZN6FEHLCD11RepeatColorEv
                0x00012af8       0xbc Libraries\FEHLCD.o
                0x00012af8                FEHLCD::RepeatColor()
 .text._ZN6FEHLCD10_ForePixelEv
                0x00012bb4      0x160 Libraries\FEHLCD.o
                0x00012bb4                FEHLCD::_ForePixel()
 .text._ZN6FEHLCD10_BackPixelEv
                0x00012d14      0x160 Libraries\FEHLCD.o
                0x00012d14                FEHLCD::_BackPixel()
 .text._ZN6FEHLCD22SetRegisterColorValuesEv
                0x00012e74      0x4c0 Libraries\FEHLCD.o
                0x00012e74                FEHLCD::SetRegisterColorValues()
 .text._Z41__static_initialization_and_destruction_0ii
                0x00013334       0x30 Libraries\FEHLCD.o
 .text._GLOBAL__sub_I_image
                0x00013364       0x14 Libraries\FEHLCD.o
 .text._ZN8FEHAccelC2Ev
                0x00013378       0x8c Libraries\FEHAccel.o
                0x00013378                FEHAccel::FEHAccel()
                0x00013378                FEHAccel::FEHAccel()
 .text._Z41__static_initialization_and_destruction_0ii
                0x00013404       0x30 Libraries\FEHAccel.o
 .text._GLOBAL__sub_I_Accel
                0x00013434       0x14 Libraries\FEHAccel.o
 .text._ZN10FEHBatteryC2EN5FEHIO8FEHIOPinE
                0x00013448       0x24 Libraries\FEHBattery.o
                0x00013448                FEHBattery::FEHBattery(FEHIO::FEHIOPin)
                0x00013448                FEHBattery::FEHBattery(FEHIO::FEHIOPin)
 .text._Z41__static_initialization_and_destruction_0ii
                0x0001346c       0x34 Libraries\FEHBattery.o
 .text._GLOBAL__sub_I_Battery
                0x000134a0       0x14 Libraries\FEHBattery.o
 .text._ZN7FEHXBeeC2Ev
                0x000134b4       0x20 Drivers\FEHXBee.o
                0x000134b4                FEHXBee::FEHXBee()
                0x000134b4                FEHXBee::FEHXBee()
 .text._ZN7FEHXBee17SetPacketCallBackEPFvPhhE
                0x000134d4       0x20 Drivers\FEHXBee.o
                0x000134d4                FEHXBee::SetPacketCallBack(void (*)(unsigned char*, unsigned char))
 .text._Z9UART0_ISRv
                0x000134f4      0x174 Drivers\FEHXBee.o
                0x000134f4                UART0_ISR()
 .text._ZN6FEHRPSC2Ev
                0x00013668       0x88 Libraries\FEHRPS.o
                0x00013668                FEHRPS::FEHRPS()
                0x00013668                FEHRPS::FEHRPS()
 .text._Z14RPSDataProcessPhh
                0x000136f0      0x18c Libraries\FEHRPS.o
                0x000136f0                RPSDataProcess(unsigned char*, unsigned char)
 .text._Z41__static_initialization_and_destruction_0ii
                0x0001387c       0x30 Libraries\FEHRPS.o
 .text._GLOBAL__sub_I_RPS
                0x000138ac       0x14 Libraries\FEHRPS.o
 .text._ZN5FEHSDC2Ev
                0x000138c0       0x24 Libraries\FEHSD.o
                0x000138c0                FEHSD::FEHSD()
                0x000138c0                FEHSD::FEHSD()
 .text._ZN5FEHSD8CloseLogEv
                0x000138e4       0x38 Libraries\FEHSD.o
                0x000138e4                FEHSD::CloseLog()
 .text._Z41__static_initialization_and_destruction_0ii
                0x0001391c       0x30 Libraries\FEHSD.o
 .text._GLOBAL__sub_I_SD
                0x0001394c       0x14 Libraries\FEHSD.o
 .text.sprintf  0x00013960       0x1c C:\fehqt\Proteus/EWL/lib/armv7e-m\libc.a(sprintf.o)
                0x00013960                sprintf
 .text.__StringWrite
                0x0001397c       0x28 C:\fehqt\Proteus/EWL/lib/armv7e-m\libc.a(vsnprintf.o)
                0x0001397c                __StringWrite
 .text.vsnprintf
                0x000139a4       0x34 C:\fehqt\Proteus/EWL/lib/armv7e-m\libc.a(vsnprintf.o)
                0x000139a4                vsnprintf
 .text.exit     0x000139d8       0x38 C:\fehqt\Proteus/EWL/lib/armv7e-m\libc.a(exit.o)
                0x000139d8                exit
 .text.memcpy   0x00013a10       0x12 C:\fehqt\Proteus/EWL/lib/armv7e-m\libc.a(memcpy.o)
                0x00013a10                memcpy
 .text.memset   0x00013a22        0xc C:\fehqt\Proteus/EWL/lib/armv7e-m\libc.a(memset.o)
                0x00013a22                memset
 .text.strlen   0x00013a2e       0x10 C:\fehqt\Proteus/EWL/lib/armv7e-m\libc.a(strlen.o)
                0x00013a2e                strlen
 .text.long2str.isra.0
                0x00013a3e      0x196 C:\fehqt\Proteus/EWL/lib/armv7e-m\libc.a(printformat_.o)
 .text.__pformatter_
                0x00013bd4      0x3f8 C:\fehqt\Proteus/EWL/lib/armv7e-m\libc.a(printformat_.o)
                0x00013bd4                __pformatter_
 .text.__sformatter
                0x00013fcc      0x74e C:\fehqt\Proteus/EWL/lib/armv7e-m\libc.a(scanformat_.o)
                0x00013fcc                __sformatter
 *fill*         0x0001471a        0x2 00
 .text.isalpha  0x0001471c       0x1c C:\fehqt\Proteus/EWL/lib/armv7e-m\libc.a(ctype_aeabi.o)
                0x0001471c                isalpha
 .text.isspace  0x00014738       0x1c C:\fehqt\Proteus/EWL/lib/armv7e-m\libc.a(ctype_aeabi.o)
                0x00014738                isspace
 .text.toupper  0x00014754        0xc C:\fehqt\Proteus/EWL/lib/armv7e-m\libc.a(ctype_aeabi.o)
                0x00014754                toupper
 .text.__strtoul
                0x00014760      0x1dc C:\fehqt\Proteus/EWL/lib/armv7e-m\libc.a(__strtoul.o)
                0x00014760                __strtoul
 .text.__fill_mem
                0x0001493c       0x76 C:\fehqt\Proteus/EWL/lib/armv7e-m\libc.a(__filll_mem.o)
                0x0001493c                __fill_mem
 .text.memchr   0x000149b2       0x1a C:\fehqt\Proteus/EWL/lib/armv7e-m\libc.a(memchr.o)
                0x000149b2                memchr
 .text.strchr   0x000149cc       0x1c C:\fehqt\Proteus/EWL/lib/armv7e-m\libc.a(strchr.o)
                0x000149cc                strchr
 .text.__init_cpp
                0x000149e8       0x4c C:\fehqt\Proteus/EWL/lib/armv7e-m\librt.a(gcc_ctor_dtor.o)
                0x000149e8                __init_cpp
 .text.__fini_cpp
                0x00014a34       0x34 C:\fehqt\Proteus/EWL/lib/armv7e-m\librt.a(gcc_ctor_dtor.o)
                0x00014a34                __fini_cpp
 .text.__copy_rom_section
                0x00014a68       0x44 C:\fehqt\Proteus/EWL/lib/armv7e-m\librt.a(ROMCopy.o)
                0x00014a68                __copy_rom_section
 .text.__copy_rom_sections_to_ram
                0x00014aac       0x34 C:\fehqt\Proteus/EWL/lib/armv7e-m\librt.a(ROMCopy.o)
                0x00014aac                __copy_rom_sections_to_ram
 .text.__destroy_global_chain
                0x00014ae0       0x1c C:\fehqt\Proteus/EWL/lib/armv7e-m\librt.a(__arm_eabi_init.o)
                0x00014ae0                __destroy_global_chain
 .text.__init_registers
                0x00014afc       0x20 C:\fehqt\Proteus/EWL/lib/armv7e-m\librt.a(__arm_eabi_init.o)
                0x00014afc                __init_registers
 .text.__init_user
                0x00014b1c        0x4 C:\fehqt\Proteus/EWL/lib/armv7e-m\librt.a(__arm_eabi_init.o)
                0x00014b1c                __init_user
 *(.rodata)
 .rodata        0x00014b20      0x100 ..\main.o
 .rodata        0x00014c20       0x78 Libraries\FEHIO.o
 .rodata        0x00014c98       0x34 Libraries\FEHLCD.o
 *(.rodata*)
 .rodata.K60_SDHC0_init
                0x00014ccc        0xc Drivers\SDHC.o
                0x00014ccc                K60_SDHC0_init
 .rodata._ZL21ESDHC_COMMAND_XFERTYP
                0x00014cd8      0x100 Drivers\SDHC.o
 .rodata._ZL9GPIOPorts
                0x00014dd8       0x20 Libraries\FEHIO.o
 .rodata._ZL10ADCNumbers
                0x00014df8       0x24 Libraries\FEHIO.o
 .rodata._ZL14GPIOPinNumbers
                0x00014e1c       0x80 Libraries\FEHIO.o
 .rodata._ZL16AnalogPinNumbers
                0x00014e9c       0x84 Libraries\FEHIO.o
 .rodata.str1.1
                0x00014f20        0x1 C:\fehqt\Proteus/EWL/lib/armv7e-m\libc.a(printformat_.o)
 .rodata.__aeabi_ctype_table_C
                0x00014f21      0x101 C:\fehqt\Proteus/EWL/lib/armv7e-m\libc.a(ctype_aeabi.o)
                0x00014f21                __aeabi_ctype_table_C
 *(.glue_7)
 .glue_7        0x00000000        0x0 linker stubs
 *(.glue_7t)
 .glue_7t       0x00000000        0x0 linker stubs
 *(.eh_frame)
 *(.init)
 *(.fini)
                0x00015024                . = ALIGN (0x4)
 *fill*         0x00015022        0x2 00
                0x00015024                _etext = .

.vfp11_veneer   0x00015024        0x0
 .vfp11_veneer  0x00000000        0x0 linker stubs

.v4_bx          0x00015024        0x0
 .v4_bx         0x00000000        0x0 linker stubs

.ARM.extab
 *(.ARM.extab* .gnu.linkonce.armextab.*)

.ARM            0x00015024        0x0
                0x00015024                __exidx_start = .
 *(.ARM.exidx*)
                0x00015024                __exidx_end = .

.ctors          0x00015024        0x0
                0x00015024                __CTOR_LIST__ = .
 *crtbegin.o(.ctors)
 *(EXCLUDE_FILE(*crtend.o) .ctors)
 *(SORT(.ctors.*))
 *(.ctors)
                0x00015024                __CTOR_END__ = .

.dtors          0x00015024        0x0
                0x00015024                __DTOR_LIST__ = .
 *crtbegin.o(.dtors)
 *(EXCLUDE_FILE(*crtend.o) .dtors)
 *(SORT(.dtors.*))
 *(.dtors)
                0x00015024                __DTOR_END__ = .

.preinit_array  0x00015024        0x0
                0x00015024                PROVIDE (__preinit_array_start, .)
 *(.preinit_array*)
                0x00015024                PROVIDE (__preinit_array_end, .)

.init_array     0x00015024       0x20
                0x00015024                PROVIDE (__init_array_start, .)
 *(SORT(.init_array.*))
 *(.init_array*)
 .init_array    0x00015024        0x4 ..\main.o
 .init_array    0x00015028        0x4 FEHProteus.o
 .init_array    0x0001502c        0x4 Libraries\FEHBuzzer.o
 .init_array    0x00015030        0x4 Libraries\FEHLCD.o
 .init_array    0x00015034        0x4 Libraries\FEHAccel.o
 .init_array    0x00015038        0x4 Libraries\FEHBattery.o
 .init_array    0x0001503c        0x4 Libraries\FEHRPS.o
 .init_array    0x00015040        0x4 Libraries\FEHSD.o
                0x00015044                PROVIDE (__init_array_end, .)

.fini_array     0x00015044        0x0
                0x00015044                PROVIDE (__fini_array_start, .)
 *(SORT(.fini_array.*))
 *(.fini_array*)
                0x00015044                PROVIDE (__fini_array_end, .)
                0x00015044                ___ROM_AT = .

.data           0x1fff0400      0xd1c load address 0x00015044
                0x1fff0400                . = ALIGN (0x4)
                0x1fff0400                _sdata = .
 *(.data)
 *(.data*)
 .data._ZL4Stat
                0x1fff0400        0x1 Drivers\SDHC.o
 *fill*         0x1fff0401        0x3 00
 .data.image    0x1fff0404      0x750 Libraries\FEHLCD.o
                0x1fff0404                image
 .data.logo     0x1fff0b54      0x3e8 Libraries\FEHLCD.o
                0x1fff0b54                logo
 .data._ZN6FEHLCD8fontDataE
                0x1fff0f3c      0x1e0 Libraries\FEHLCD.o
                0x1fff0f3c                FEHLCD::fontData
                0x1fff111c                . = ALIGN (0x4)
                0x1fff111c                _edata = .
                0x00000d1c                ___data_size = (_edata - _sdata)
                0x00015d60                ___m_data2_ROMStart = (___ROM_AT + SIZEOF (.data))

.user_data2     0x20000000        0x0 load address 0x00015d60
                0x20000000                . = ALIGN (0x4)
                0x20000000                ___m_data2_RAMStart = .
 *(.data2)
                0x20000000                ___m_data2_RAMEnd = .
                0x20000000                . = ALIGN (0x4)
                0x00000000                ___m_data2_ROMSize = (___m_data2_RAMEnd - ___m_data2_RAMStart)
                0x20000000                . = ALIGN (0x4)

.bss            0x1fff111c      0x608 load address 0x00015d60
                0x1fff111c                __START_BSS = .
                0x1fff111c                PROVIDE (__bss_start__, __START_BSS)
 *(.bss)
 *(.bss*)
 .bss.frontLeftBump
                0x1fff111c        0x4 ..\main.o
                0x1fff111c                frontLeftBump
 .bss.frontRightBump
                0x1fff1120        0x4 ..\main.o
                0x1fff1120                frontRightBump
 .bss.backLeftBump
                0x1fff1124        0x4 ..\main.o
                0x1fff1124                backLeftBump
 .bss.backRightBump
                0x1fff1128        0x4 ..\main.o
                0x1fff1128                backRightBump
 .bss.CDScell   0x1fff112c        0x4 ..\main.o
                0x1fff112c                CDScell
 .bss.CDScellFront
                0x1fff1130        0x4 ..\main.o
                0x1fff1130                CDScellFront
 .bss.leftSensor
                0x1fff1134        0x4 ..\main.o
                0x1fff1134                leftSensor
 .bss.middleSensor
                0x1fff1138        0x4 ..\main.o
                0x1fff1138                middleSensor
 .bss.rightSensor
                0x1fff113c        0x4 ..\main.o
                0x1fff113c                rightSensor
 .bss.armServo  0x1fff1140        0xc ..\main.o
                0x1fff1140                armServo
 .bss.clawServo
                0x1fff114c        0xc ..\main.o
                0x1fff114c                clawServo
 .bss.rightMotor
                0x1fff1158        0x8 ..\main.o
                0x1fff1158                rightMotor
 .bss.leftMotor
                0x1fff1160        0x8 ..\main.o
                0x1fff1160                leftMotor
 .bss.rightEncoder
                0x1fff1168        0x4 ..\main.o
                0x1fff1168                rightEncoder
 .bss.leftEncoder
                0x1fff116c        0x4 ..\main.o
                0x1fff116c                leftEncoder
 .bss.buttons   0x1fff1170        0x4 ..\main.o
                0x1fff1170                buttons
 .bss._ZL4argv  0x1fff1174        0x4 Startup\__arm_start.o
 .bss.MasterTransmission
                0x1fff1178        0x1 Drivers\i2c.o
                0x1fff1178                MasterTransmission
 .bss.SlaveID   0x1fff1179        0x1 Drivers\i2c.o
                0x1fff1179                SlaveID
 *fill*         0x1fff117a        0x2 00
 .bss.SDHC_Card
                0x1fff117c       0x14 Drivers\SDHC.o
                0x1fff117c                SDHC_Card
 .bss.SDHC_Info
                0x1fff1190      0x204 Drivers\SDHC.o
                0x1fff1190                SDHC_Info
 .bss.SDHC_Device
                0x1fff1394        0x8 Drivers\SDHC.o
                0x1fff1394                SDHC_Device
 .bss.Propeller
                0x1fff139c        0x4 FEHProteus.o
                0x1fff139c                Propeller
 .bss.CoreClockKHz
                0x1fff13a0        0x4 FEHProteus.o
                0x1fff13a0                CoreClockKHz
 .bss.CoreClockMHz
                0x1fff13a4        0x4 FEHProteus.o
                0x1fff13a4                CoreClockMHz
 .bss.PeripheralClockKHz
                0x1fff13a8        0x4 FEHProteus.o
                0x1fff13a8                PeripheralClockKHz
 .bss._ZN14AnalogInputPin17Master_Adc_ConfigE
                0x1fff13ac       0x10 Libraries\FEHIO.o
                0x1fff13ac                AnalogInputPin::Master_Adc_Config
 .bss._ZN14AnalogInputPin18Encoder_Adc_ConfigE
                0x1fff13bc       0x10 Libraries\FEHIO.o
                0x1fff13bc                AnalogInputPin::Encoder_Adc_Config
 .bss.interrupt_counts
                0x1fff13cc       0x80 Libraries\FEHIO.o
                0x1fff13cc                interrupt_counts
 .bss._ZN13AnalogEncoder7pinListE
                0x1fff144c        0x4 Libraries\FEHIO.o
                0x1fff144c                AnalogEncoder::pinList
 .bss.__interrupt_counter
                0x1fff1450        0x4 Libraries\FEHIO.o
                0x1fff1450                __interrupt_counter
 .bss.Buzzer    0x1fff1454        0x4 Libraries\FEHBuzzer.o
                0x1fff1454                Buzzer
 .bss.LCD       0x1fff1458       0x44 Libraries\FEHLCD.o
                0x1fff1458                LCD
 .bss.initialized
                0x1fff149c        0x1 Libraries\FEHLCD.o
                0x1fff149c                initialized
 *fill*         0x1fff149d        0x3 00
 .bss.Accel     0x1fff14a0        0x4 Libraries\FEHAccel.o
                0x1fff14a0                Accel
 .bss.Battery   0x1fff14a4        0x4 Libraries\FEHBattery.o
                0x1fff14a4                Battery
 .bss.XBeeDataProcess
                0x1fff14a8        0x4 Drivers\FEHXBee.o
                0x1fff14a8                XBeeDataProcess
 .bss._xbeebuffer
                0x1fff14ac       0x10 Drivers\FEHXBee.o
                0x1fff14ac                _xbeebuffer
 .bss._xbeebufferindex
                0x1fff14bc        0x1 Drivers\FEHXBee.o
                0x1fff14bc                _xbeebufferindex
 .bss._xbeestate
                0x1fff14bd        0x1 Drivers\FEHXBee.o
                0x1fff14bd                _xbeestate
 .bss._xbeebytereceived
                0x1fff14be        0x1 Drivers\FEHXBee.o
                0x1fff14be                _xbeebytereceived
 .bss._xbeebyte
                0x1fff14bf        0x1 Drivers\FEHXBee.o
                0x1fff14bf                _xbeebyte
 .bss.RPS       0x1fff14c0        0x8 Libraries\FEHRPS.o
                0x1fff14c0                RPS
 .bss._enabled  0x1fff14c8        0x1 Libraries\FEHRPS.o
                0x1fff14c8                _enabled
 *fill*         0x1fff14c9        0x3 00
 .bss._RPS_x    0x1fff14cc        0x4 Libraries\FEHRPS.o
                0x1fff14cc                _RPS_x
 .bss._RPS_y    0x1fff14d0        0x4 Libraries\FEHRPS.o
                0x1fff14d0                _RPS_y
 .bss._RPS_heading
                0x1fff14d4        0x4 Libraries\FEHRPS.o
                0x1fff14d4                _RPS_heading
 .bss._RPS_objective
                0x1fff14d8        0x4 Libraries\FEHRPS.o
                0x1fff14d8                _RPS_objective
 .bss._RPS_time
                0x1fff14dc        0x1 Libraries\FEHRPS.o
                0x1fff14dc                _RPS_time
 .bss._RPS_stop
                0x1fff14dd        0x1 Libraries\FEHRPS.o
                0x1fff14dd                _RPS_stop
 .bss._RPS_foundpacket
                0x1fff14de        0x1 Libraries\FEHRPS.o
                0x1fff14de                _RPS_foundpacket
 *fill*         0x1fff14df        0x1 00
 .bss.SD        0x1fff14e0        0x4 Libraries\FEHSD.o
                0x1fff14e0                SD
 .bss.logfil    0x1fff14e4      0x228 Libraries\FEHSD.o
                0x1fff14e4                logfil
 .bss.__stdio_exit
                0x1fff170c        0x4 C:\fehqt\Proteus/EWL/lib/armv7e-m\libc.a(exit.o)
                0x1fff170c                __stdio_exit
 .bss.__console_exit
                0x1fff1710        0x4 C:\fehqt\Proteus/EWL/lib/armv7e-m\libc.a(exit.o)
                0x1fff1710                __console_exit
 .bss.__S_romp  0x1fff1714        0xc C:\fehqt\Proteus/EWL/lib/armv7e-m\librt.a(ROMCopy.o)
 .bss.__global_destructor_chain
                0x1fff1720        0x4 C:\fehqt\Proteus/EWL/lib/armv7e-m\librt.a(__arm_eabi_init.o)
                0x1fff1720                __global_destructor_chain
 *(COMMON)
                0x1fff1724                . = ALIGN (0x4)
                0x1fff1724                __END_BSS = .
                0x1fff1724                PROVIDE (__bss_end__, __END_BSS)

._user_heap_stack
                0x1fff1724     0x1000 load address 0x00016368
                0x1fff1724                . = ALIGN (0x4)
                0x1fff1724                PROVIDE (end, .)
                0x1fff1724                PROVIDE (_end, .)
                0x1fff1724                __heap_addr = .
                0x1fff1f24                . = (. + __heap_size)
 *fill*         0x1fff1724      0x800 00
                0x1fff2724                . = (. + __stack_size)
 *fill*         0x1fff1f24      0x800 00
                0x1fff2724                . = ALIGN (0x4)
                0x00015d60                _romp_at = ((___ROM_AT + SIZEOF (.data)) + SIZEOF (.user_data2))

.romp           0x20000000       0x24 load address 0x00015d60
                0x00015d60                __S_romp = _romp_at
                0x20000000        0x4 LONG 0x15044 ___ROM_AT
                0x20000004        0x4 LONG 0x1fff0400 _sdata
                0x20000008        0x4 LONG 0xd1c ___data_size
                0x2000000c        0x4 LONG 0x15d60 ___m_data2_ROMStart
                0x20000010        0x4 LONG 0x20000000 ___m_data2_RAMStart
                0x20000014        0x4 LONG 0x0 ___m_data2_ROMSize
                0x20000018        0x4 LONG 0x0
                0x2000001c        0x4 LONG 0x0
                0x20000020        0x4 LONG 0x0

.ARM.attributes
                0x00000000       0x33
 *(.ARM.attributes)
 .ARM.attributes
                0x00000000       0x33 ..\main.o
 .ARM.attributes
                0x00000033       0x33 Startup\__arm_start.o
 .ARM.attributes
                0x00000066       0x33 Startup\__arm_end.o
 .ARM.attributes
                0x00000099       0x33 Startup\kinetis_sysinit.o
 .ARM.attributes
                0x000000cc       0x33 Libraries\FEHMotor.o
 .ARM.attributes
                0x000000ff       0x33 Drivers\i2c.o
 .ARM.attributes
                0x00000132       0x33 Drivers\spi.o
 .ARM.attributes
                0x00000165       0x33 Drivers\uart.o
 .ARM.attributes
                0x00000198       0x33 Drivers\ff.o
 .ARM.attributes
                0x000001cb       0x33 Drivers\SDHC.o
 .ARM.attributes
                0x000001fe       0x33 Drivers\lptmr.o
 .ARM.attributes
                0x00000231       0x33 FEHProteus.o
 .ARM.attributes
                0x00000264       0x33 Drivers\FEHPropeller.o
 .ARM.attributes
                0x00000297       0x33 Libraries\FEHUtility.o
 .ARM.attributes
                0x000002ca       0x33 Libraries\FEHIO.o
 .ARM.attributes
                0x000002fd       0x33 Drivers\adc16.o
 .ARM.attributes
                0x00000330       0x33 Libraries\FEHBuzzer.o
 .ARM.attributes
                0x00000363       0x33 Libraries\FEHServo.o
 .ARM.attributes
                0x00000396       0x33 Libraries\FEHLCD.o
 .ARM.attributes
                0x000003c9       0x33 Libraries\FEHAccel.o
 .ARM.attributes
                0x000003fc       0x33 Libraries\FEHBattery.o
 .ARM.attributes
                0x0000042f       0x33 Drivers\FEHXBee.o
 .ARM.attributes
                0x00000462       0x33 Libraries\FEHRPS.o
 .ARM.attributes
                0x00000495       0x33 Libraries\FEHSD.o
 .ARM.attributes
                0x000004c8       0x33 C:\fehqt\Proteus/EWL/lib/armv7e-m\libc.a(sprintf.o)
 .ARM.attributes
                0x000004fb       0x33 C:\fehqt\Proteus/EWL/lib/armv7e-m\libc.a(vsnprintf.o)
 .ARM.attributes
                0x0000052e       0x33 C:\fehqt\Proteus/EWL/lib/armv7e-m\libc.a(exit.o)
 .ARM.attributes
                0x00000561       0x33 C:\fehqt\Proteus/EWL/lib/armv7e-m\libc.a(memcpy.o)
 .ARM.attributes
                0x00000594       0x33 C:\fehqt\Proteus/EWL/lib/armv7e-m\libc.a(memset.o)
 .ARM.attributes
                0x000005c7       0x33 C:\fehqt\Proteus/EWL/lib/armv7e-m\libc.a(strlen.o)
 .ARM.attributes
                0x000005fa       0x33 C:\fehqt\Proteus/EWL/lib/armv7e-m\libc.a(printformat_.o)
 .ARM.attributes
                0x0000062d       0x33 C:\fehqt\Proteus/EWL/lib/armv7e-m\libc.a(scanformat_.o)
 .ARM.attributes
                0x00000660       0x33 C:\fehqt\Proteus/EWL/lib/armv7e-m\libc.a(ctype_aeabi.o)
 .ARM.attributes
                0x00000693       0x33 C:\fehqt\Proteus/EWL/lib/armv7e-m\libc.a(__strtoul.o)
 .ARM.attributes
                0x000006c6       0x33 C:\fehqt\Proteus/EWL/lib/armv7e-m\libc.a(__filll_mem.o)
 .ARM.attributes
                0x000006f9       0x33 C:\fehqt\Proteus/EWL/lib/armv7e-m\libc.a(memchr.o)
 .ARM.attributes
                0x0000072c       0x33 C:\fehqt\Proteus/EWL/lib/armv7e-m\libc.a(strchr.o)
 .ARM.attributes
                0x0000075f       0x1e c:/fehqt/proteus/gcc/bin/../lib/gcc/arm-none-eabi/4.6.2/armv7e-m\libgcc.a(_arm_addsubdf3.o)
 .ARM.attributes
                0x0000077d       0x1e c:/fehqt/proteus/gcc/bin/../lib/gcc/arm-none-eabi/4.6.2/armv7e-m\libgcc.a(_arm_muldivdf3.o)
 .ARM.attributes
                0x0000079b       0x1e c:/fehqt/proteus/gcc/bin/../lib/gcc/arm-none-eabi/4.6.2/armv7e-m\libgcc.a(_arm_fixunsdfsi.o)
 .ARM.attributes
                0x000007b9       0x1e c:/fehqt/proteus/gcc/bin/../lib/gcc/arm-none-eabi/4.6.2/armv7e-m\libgcc.a(_arm_truncdfsf2.o)
 .ARM.attributes
                0x000007d7       0x1e c:/fehqt/proteus/gcc/bin/../lib/gcc/arm-none-eabi/4.6.2/armv7e-m\libgcc.a(_arm_addsubsf3.o)
 .ARM.attributes
                0x000007f5       0x1e c:/fehqt/proteus/gcc/bin/../lib/gcc/arm-none-eabi/4.6.2/armv7e-m\libgcc.a(_arm_muldivsf3.o)
 .ARM.attributes
                0x00000813       0x1e c:/fehqt/proteus/gcc/bin/../lib/gcc/arm-none-eabi/4.6.2/armv7e-m\libgcc.a(_arm_cmpsf2.o)
 .ARM.attributes
                0x00000831       0x33 C:\fehqt\Proteus/EWL/lib/armv7e-m\librt.a(gcc_ctor_dtor.o)
 .ARM.attributes
                0x00000864       0x33 C:\fehqt\Proteus/EWL/lib/armv7e-m\librt.a(ROMCopy.o)
 .ARM.attributes
                0x00000897       0x33 C:\fehqt\Proteus/EWL/lib/armv7e-m\librt.a(__arm_eabi_init.o)
OUTPUT(../Testing.elf elf32-littlearm)

.debug_info     0x00000000    0x14e22
 .debug_info    0x00000000     0x1db3 ..\main.o
 .debug_info    0x00001db3     0x12c5 Startup\__arm_start.o
 .debug_info    0x00003078       0x58 Startup\__arm_end.o
 .debug_info    0x000030d0      0x57d Startup\kinetis_sysinit.o
 .debug_info    0x0000364d      0x335 Libraries\FEHMotor.o
 .debug_info    0x00003982      0x250 Drivers\i2c.o
 .debug_info    0x00003bd2      0x6cf Drivers\spi.o
 .debug_info    0x000042a1      0x59c Drivers\uart.o
 .debug_info    0x0000483d     0x1da0 Drivers\ff.o
 .debug_info    0x000065dd      0xf1d Drivers\SDHC.o
 .debug_info    0x000074fa      0x2de Drivers\lptmr.o
 .debug_info    0x000077d8      0x1a7 FEHProteus.o
 .debug_info    0x0000797f      0x722 Drivers\FEHPropeller.o
 .debug_info    0x000080a1      0x36c Libraries\FEHUtility.o
 .debug_info    0x0000840d     0x1c6a Libraries\FEHIO.o
 .debug_info    0x0000a077      0x4ab Drivers\adc16.o
 .debug_info    0x0000a522      0xa42 Libraries\FEHBuzzer.o
 .debug_info    0x0000af64     0x1500 Libraries\FEHServo.o
 .debug_info    0x0000c464     0x2c25 Libraries\FEHLCD.o
 .debug_info    0x0000f089      0x26a Libraries\FEHAccel.o
 .debug_info    0x0000f2f3      0x3a9 Libraries\FEHBattery.o
 .debug_info    0x0000f69c      0xac3 Drivers\FEHXBee.o
 .debug_info    0x0001015f     0x1a09 Libraries\FEHRPS.o
 .debug_info    0x00011b68     0x1261 Libraries\FEHSD.o
 .debug_info    0x00012dc9      0x11f C:\fehqt\Proteus/EWL/lib/armv7e-m\libc.a(sprintf.o)
 .debug_info    0x00012ee8      0x206 C:\fehqt\Proteus/EWL/lib/armv7e-m\libc.a(vsnprintf.o)
 .debug_info    0x000130ee      0x103 C:\fehqt\Proteus/EWL/lib/armv7e-m\libc.a(exit.o)
 .debug_info    0x000131f1      0x113 C:\fehqt\Proteus/EWL/lib/armv7e-m\libc.a(memcpy.o)
 .debug_info    0x00013304       0xf4 C:\fehqt\Proteus/EWL/lib/armv7e-m\libc.a(memset.o)
 .debug_info    0x000133f8       0xf3 C:\fehqt\Proteus/EWL/lib/armv7e-m\libc.a(strlen.o)
 .debug_info    0x000134eb      0x512 C:\fehqt\Proteus/EWL/lib/armv7e-m\libc.a(printformat_.o)
 .debug_info    0x000139fd      0x564 C:\fehqt\Proteus/EWL/lib/armv7e-m\libc.a(scanformat_.o)
 .debug_info    0x00013f61      0x32a C:\fehqt\Proteus/EWL/lib/armv7e-m\libc.a(ctype_aeabi.o)
 .debug_info    0x0001428b      0x1d7 C:\fehqt\Proteus/EWL/lib/armv7e-m\libc.a(__strtoul.o)
 .debug_info    0x00014462      0x13d C:\fehqt\Proteus/EWL/lib/armv7e-m\libc.a(__filll_mem.o)
 .debug_info    0x0001459f      0x129 C:\fehqt\Proteus/EWL/lib/armv7e-m\libc.a(memchr.o)
 .debug_info    0x000146c8      0x110 C:\fehqt\Proteus/EWL/lib/armv7e-m\libc.a(strchr.o)
 .debug_info    0x000147d8      0x1c0 C:\fehqt\Proteus/EWL/lib/armv7e-m\librt.a(gcc_ctor_dtor.o)
 .debug_info    0x00014998      0x1b8 C:\fehqt\Proteus/EWL/lib/armv7e-m\librt.a(ROMCopy.o)
 .debug_info    0x00014b50      0x2d2 C:\fehqt\Proteus/EWL/lib/armv7e-m\librt.a(__arm_eabi_init.o)

.debug_abbrev   0x00000000     0x3e7e
 .debug_abbrev  0x00000000      0x3a5 ..\main.o
 .debug_abbrev  0x000003a5      0x28f Startup\__arm_start.o
 .debug_abbrev  0x00000634       0x45 Startup\__arm_end.o
 .debug_abbrev  0x00000679      0x18a Startup\kinetis_sysinit.o
 .debug_abbrev  0x00000803      0x18c Libraries\FEHMotor.o
 .debug_abbrev  0x0000098f       0xfc Drivers\i2c.o
 .debug_abbrev  0x00000a8b      0x18b Drivers\spi.o
 .debug_abbrev  0x00000c16      0x15f Drivers\uart.o
 .debug_abbrev  0x00000d75      0x18f Drivers\ff.o
 .debug_abbrev  0x00000f04      0x223 Drivers\SDHC.o
 .debug_abbrev  0x00001127       0xd2 Drivers\lptmr.o
 .debug_abbrev  0x000011f9      0x101 FEHProteus.o
 .debug_abbrev  0x000012fa      0x1c6 Drivers\FEHPropeller.o
 .debug_abbrev  0x000014c0      0x154 Libraries\FEHUtility.o
 .debug_abbrev  0x00001614      0x448 Libraries\FEHIO.o
 .debug_abbrev  0x00001a5c      0x12a Drivers\adc16.o
 .debug_abbrev  0x00001b86      0x1da Libraries\FEHBuzzer.o
 .debug_abbrev  0x00001d60      0x312 Libraries\FEHServo.o
 .debug_abbrev  0x00002072      0x38c Libraries\FEHLCD.o
 .debug_abbrev  0x000023fe      0x13b Libraries\FEHAccel.o
 .debug_abbrev  0x00002539      0x1cb Libraries\FEHBattery.o
 .debug_abbrev  0x00002704      0x231 Drivers\FEHXBee.o
 .debug_abbrev  0x00002935      0x37f Libraries\FEHRPS.o
 .debug_abbrev  0x00002cb4      0x33a Libraries\FEHSD.o
 .debug_abbrev  0x00002fee       0xb5 C:\fehqt\Proteus/EWL/lib/armv7e-m\libc.a(sprintf.o)
 .debug_abbrev  0x000030a3       0xf4 C:\fehqt\Proteus/EWL/lib/armv7e-m\libc.a(vsnprintf.o)
 .debug_abbrev  0x00003197       0x8f C:\fehqt\Proteus/EWL/lib/armv7e-m\libc.a(exit.o)
 .debug_abbrev  0x00003226       0x97 C:\fehqt\Proteus/EWL/lib/armv7e-m\libc.a(memcpy.o)
 .debug_abbrev  0x000032bd       0x66 C:\fehqt\Proteus/EWL/lib/armv7e-m\libc.a(memset.o)
 .debug_abbrev  0x00003323       0x7e C:\fehqt\Proteus/EWL/lib/armv7e-m\libc.a(strlen.o)
 .debug_abbrev  0x000033a1      0x204 C:\fehqt\Proteus/EWL/lib/armv7e-m\libc.a(printformat_.o)
 .debug_abbrev  0x000035a5      0x1fb C:\fehqt\Proteus/EWL/lib/armv7e-m\libc.a(scanformat_.o)
 .debug_abbrev  0x000037a0       0x9a C:\fehqt\Proteus/EWL/lib/armv7e-m\libc.a(ctype_aeabi.o)
 .debug_abbrev  0x0000383a       0xc6 C:\fehqt\Proteus/EWL/lib/armv7e-m\libc.a(__strtoul.o)
 .debug_abbrev  0x00003900       0x8b C:\fehqt\Proteus/EWL/lib/armv7e-m\libc.a(__filll_mem.o)
 .debug_abbrev  0x0000398b       0x99 C:\fehqt\Proteus/EWL/lib/armv7e-m\libc.a(memchr.o)
 .debug_abbrev  0x00003a24       0x8d C:\fehqt\Proteus/EWL/lib/armv7e-m\libc.a(strchr.o)
 .debug_abbrev  0x00003ab1       0x9d C:\fehqt\Proteus/EWL/lib/armv7e-m\librt.a(gcc_ctor_dtor.o)
 .debug_abbrev  0x00003b4e      0x160 C:\fehqt\Proteus/EWL/lib/armv7e-m\librt.a(ROMCopy.o)
 .debug_abbrev  0x00003cae      0x1d0 C:\fehqt\Proteus/EWL/lib/armv7e-m\librt.a(__arm_eabi_init.o)

.debug_loc      0x00000000     0x6b6e
 .debug_loc     0x00000000      0x674 ..\main.o
 .debug_loc     0x00000674       0xb0 Startup\__arm_start.o
 .debug_loc     0x00000724       0x38 Startup\__arm_end.o
 .debug_loc     0x0000075c       0x84 Startup\kinetis_sysinit.o
 .debug_loc     0x000007e0       0xe0 Libraries\FEHMotor.o
 .debug_loc     0x000008c0       0xe0 Drivers\i2c.o
 .debug_loc     0x000009a0      0x19c Drivers\spi.o
 .debug_loc     0x00000b3c       0xe0 Drivers\uart.o
 .debug_loc     0x00000c1c      0xa96 Drivers\ff.o
 .debug_loc     0x000016b2      0x370 Drivers\SDHC.o
 .debug_loc     0x00001a22       0x38 Drivers\lptmr.o
 .debug_loc     0x00001a5a       0x64 FEHProteus.o
 .debug_loc     0x00001abe      0x118 Drivers\FEHPropeller.o
 .debug_loc     0x00001bd6      0x1a8 Libraries\FEHUtility.o
 .debug_loc     0x00001d7e      0x8d6 Libraries\FEHIO.o
 .debug_loc     0x00002654       0xa8 Drivers\adc16.o
 .debug_loc     0x000026fc      0x304 Libraries\FEHBuzzer.o
 .debug_loc     0x00002a00      0x1fa Libraries\FEHServo.o
 .debug_loc     0x00002bfa     0x1147 Libraries\FEHLCD.o
 .debug_loc     0x00003d41      0x144 Libraries\FEHAccel.o
 .debug_loc     0x00003e85       0xd4 Libraries\FEHBattery.o
 .debug_loc     0x00003f59      0x1c0 Drivers\FEHXBee.o
 .debug_loc     0x00004119      0x420 Libraries\FEHRPS.o
 .debug_loc     0x00004539      0x18a Libraries\FEHSD.o
 .debug_loc     0x000046c3       0x3f C:\fehqt\Proteus/EWL/lib/armv7e-m\libc.a(sprintf.o)
 .debug_loc     0x00004702      0x105 C:\fehqt\Proteus/EWL/lib/armv7e-m\libc.a(vsnprintf.o)
 .debug_loc     0x00004807       0x3e C:\fehqt\Proteus/EWL/lib/armv7e-m\libc.a(exit.o)
 .debug_loc     0x00004845       0x46 C:\fehqt\Proteus/EWL/lib/armv7e-m\libc.a(memcpy.o)
 .debug_loc     0x0000488b       0x64 C:\fehqt\Proteus/EWL/lib/armv7e-m\libc.a(memset.o)
 .debug_loc     0x000048ef       0x31 C:\fehqt\Proteus/EWL/lib/armv7e-m\libc.a(strlen.o)
 .debug_loc     0x00004920     0x106f C:\fehqt\Proteus/EWL/lib/armv7e-m\libc.a(printformat_.o)
 .debug_loc     0x0000598f      0x8cb C:\fehqt\Proteus/EWL/lib/armv7e-m\libc.a(scanformat_.o)
 .debug_loc     0x0000625a      0x18e C:\fehqt\Proteus/EWL/lib/armv7e-m\libc.a(ctype_aeabi.o)
 .debug_loc     0x000063e8      0x2ad C:\fehqt\Proteus/EWL/lib/armv7e-m\libc.a(__strtoul.o)
 .debug_loc     0x00006695      0x12c C:\fehqt\Proteus/EWL/lib/armv7e-m\libc.a(__filll_mem.o)
 .debug_loc     0x000067c1       0x82 C:\fehqt\Proteus/EWL/lib/armv7e-m\libc.a(memchr.o)
 .debug_loc     0x00006843       0x78 C:\fehqt\Proteus/EWL/lib/armv7e-m\libc.a(strchr.o)
 .debug_loc     0x000068bb       0xbe C:\fehqt\Proteus/EWL/lib/armv7e-m\librt.a(gcc_ctor_dtor.o)
 .debug_loc     0x00006979       0x9b C:\fehqt\Proteus/EWL/lib/armv7e-m\librt.a(ROMCopy.o)
 .debug_loc     0x00006a14      0x15a C:\fehqt\Proteus/EWL/lib/armv7e-m\librt.a(__arm_eabi_init.o)

.debug_aranges  0x00000000      0xf68
 .debug_aranges
                0x00000000      0x118 ..\main.o
 .debug_aranges
                0x00000118       0x48 Startup\__arm_start.o
 .debug_aranges
                0x00000160       0x20 Startup\__arm_end.o
 .debug_aranges
                0x00000180       0x30 Startup\kinetis_sysinit.o
 .debug_aranges
                0x000001b0       0x38 Libraries\FEHMotor.o
 .debug_aranges
                0x000001e8       0x38 Drivers\i2c.o
 .debug_aranges
                0x00000220       0x58 Drivers\spi.o
 .debug_aranges
                0x00000278       0x38 Drivers\uart.o
 .debug_aranges
                0x000002b0      0x198 Drivers\ff.o
 .debug_aranges
                0x00000448       0x98 Drivers\SDHC.o
 .debug_aranges
                0x000004e0       0x20 Drivers\lptmr.o
 .debug_aranges
                0x00000500       0x28 FEHProteus.o
 .debug_aranges
                0x00000528       0x40 Drivers\FEHPropeller.o
 .debug_aranges
                0x00000568       0x58 Libraries\FEHUtility.o
 .debug_aranges
                0x000005c0      0x160 Libraries\FEHIO.o
 .debug_aranges
                0x00000720       0x30 Drivers\adc16.o
 .debug_aranges
                0x00000750       0x88 Libraries\FEHBuzzer.o
 .debug_aranges
                0x000007d8       0x60 Libraries\FEHServo.o
 .debug_aranges
                0x00000838      0x290 Libraries\FEHLCD.o
 .debug_aranges
                0x00000ac8       0x48 Libraries\FEHAccel.o
 .debug_aranges
                0x00000b10       0x38 Libraries\FEHBattery.o
 .debug_aranges
                0x00000b48       0x58 Drivers\FEHXBee.o
 .debug_aranges
                0x00000ba0       0xb0 Libraries\FEHRPS.o
 .debug_aranges
                0x00000c50       0x50 Libraries\FEHSD.o
 .debug_aranges
                0x00000ca0       0x20 C:\fehqt\Proteus/EWL/lib/armv7e-m\libc.a(sprintf.o)
 .debug_aranges
                0x00000cc0       0x28 C:\fehqt\Proteus/EWL/lib/armv7e-m\libc.a(vsnprintf.o)
 .debug_aranges
                0x00000ce8       0x20 C:\fehqt\Proteus/EWL/lib/armv7e-m\libc.a(exit.o)
 .debug_aranges
                0x00000d08       0x20 C:\fehqt\Proteus/EWL/lib/armv7e-m\libc.a(memcpy.o)
 .debug_aranges
                0x00000d28       0x20 C:\fehqt\Proteus/EWL/lib/armv7e-m\libc.a(memset.o)
 .debug_aranges
                0x00000d48       0x20 C:\fehqt\Proteus/EWL/lib/armv7e-m\libc.a(strlen.o)
 .debug_aranges
                0x00000d68       0x28 C:\fehqt\Proteus/EWL/lib/armv7e-m\libc.a(printformat_.o)
 .debug_aranges
                0x00000d90       0x20 C:\fehqt\Proteus/EWL/lib/armv7e-m\libc.a(scanformat_.o)
 .debug_aranges
                0x00000db0       0x88 C:\fehqt\Proteus/EWL/lib/armv7e-m\libc.a(ctype_aeabi.o)
 .debug_aranges
                0x00000e38       0x20 C:\fehqt\Proteus/EWL/lib/armv7e-m\libc.a(__strtoul.o)
 .debug_aranges
                0x00000e58       0x20 C:\fehqt\Proteus/EWL/lib/armv7e-m\libc.a(__filll_mem.o)
 .debug_aranges
                0x00000e78       0x20 C:\fehqt\Proteus/EWL/lib/armv7e-m\libc.a(memchr.o)
 .debug_aranges
                0x00000e98       0x20 C:\fehqt\Proteus/EWL/lib/armv7e-m\libc.a(strchr.o)
 .debug_aranges
                0x00000eb8       0x28 C:\fehqt\Proteus/EWL/lib/armv7e-m\librt.a(gcc_ctor_dtor.o)
 .debug_aranges
                0x00000ee0       0x30 C:\fehqt\Proteus/EWL/lib/armv7e-m\librt.a(ROMCopy.o)
 .debug_aranges
                0x00000f10       0x58 C:\fehqt\Proteus/EWL/lib/armv7e-m\librt.a(__arm_eabi_init.o)

.debug_line     0x00000000     0x811a
 .debug_line    0x00000000      0x9c6 ..\main.o
 .debug_line    0x000009c6      0x3ad Startup\__arm_start.o
 .debug_line    0x00000d73      0x21a Startup\__arm_end.o
 .debug_line    0x00000f8d      0x283 Startup\kinetis_sysinit.o
 .debug_line    0x00001210      0x237 Libraries\FEHMotor.o
 .debug_line    0x00001447      0x2ad Drivers\i2c.o
 .debug_line    0x000016f4      0x295 Drivers\spi.o
 .debug_line    0x00001989      0x212 Drivers\uart.o
 .debug_line    0x00001b9b     0x1114 Drivers\ff.o
 .debug_line    0x00002caf      0x678 Drivers\SDHC.o
 .debug_line    0x00003327      0x1c0 Drivers\lptmr.o
 .debug_line    0x000034e7      0x1da FEHProteus.o
 .debug_line    0x000036c1      0x264 Drivers\FEHPropeller.o
 .debug_line    0x00003925      0x282 Libraries\FEHUtility.o
 .debug_line    0x00003ba7      0x6ee Libraries\FEHIO.o
 .debug_line    0x00004295      0x20f Drivers\adc16.o
 .debug_line    0x000044a4      0x2df Libraries\FEHBuzzer.o
 .debug_line    0x00004783      0x545 Libraries\FEHServo.o
 .debug_line    0x00004cc8     0x1151 Libraries\FEHLCD.o
 .debug_line    0x00005e19      0x23f Libraries\FEHAccel.o
 .debug_line    0x00006058      0x218 Libraries\FEHBattery.o
 .debug_line    0x00006270      0x349 Drivers\FEHXBee.o
 .debug_line    0x000065b9      0x70d Libraries\FEHRPS.o
 .debug_line    0x00006cc6      0x339 Libraries\FEHSD.o
 .debug_line    0x00006fff       0x94 C:\fehqt\Proteus/EWL/lib/armv7e-m\libc.a(sprintf.o)
 .debug_line    0x00007093       0xd2 C:\fehqt\Proteus/EWL/lib/armv7e-m\libc.a(vsnprintf.o)
 .debug_line    0x00007165       0x94 C:\fehqt\Proteus/EWL/lib/armv7e-m\libc.a(exit.o)
 .debug_line    0x000071f9       0x8d C:\fehqt\Proteus/EWL/lib/armv7e-m\libc.a(memcpy.o)
 .debug_line    0x00007286       0x8f C:\fehqt\Proteus/EWL/lib/armv7e-m\libc.a(memset.o)
 .debug_line    0x00007315       0x89 C:\fehqt\Proteus/EWL/lib/armv7e-m\libc.a(strlen.o)
 .debug_line    0x0000739e      0x2c6 C:\fehqt\Proteus/EWL/lib/armv7e-m\libc.a(printformat_.o)
 .debug_line    0x00007664      0x2e3 C:\fehqt\Proteus/EWL/lib/armv7e-m\libc.a(scanformat_.o)
 .debug_line    0x00007947      0x1dd C:\fehqt\Proteus/EWL/lib/armv7e-m\libc.a(ctype_aeabi.o)
 .debug_line    0x00007b24      0x141 C:\fehqt\Proteus/EWL/lib/armv7e-m\libc.a(__strtoul.o)
 .debug_line    0x00007c65      0x121 C:\fehqt\Proteus/EWL/lib/armv7e-m\libc.a(__filll_mem.o)
 .debug_line    0x00007d86       0xa3 C:\fehqt\Proteus/EWL/lib/armv7e-m\libc.a(memchr.o)
 .debug_line    0x00007e29       0x84 C:\fehqt\Proteus/EWL/lib/armv7e-m\libc.a(strchr.o)
 .debug_line    0x00007ead       0x94 C:\fehqt\Proteus/EWL/lib/armv7e-m\librt.a(gcc_ctor_dtor.o)
 .debug_line    0x00007f41       0xc0 C:\fehqt\Proteus/EWL/lib/armv7e-m\librt.a(ROMCopy.o)
 .debug_line    0x00008001      0x119 C:\fehqt\Proteus/EWL/lib/armv7e-m\librt.a(__arm_eabi_init.o)

.debug_macinfo  0x00000000   0x89b3f7
 .debug_macinfo
                0x00000000    0x6472d ..\main.o
 .debug_macinfo
                0x0006472d    0x647fb Startup\__arm_start.o
 .debug_macinfo
                0x000c8f28     0x3464 Startup\__arm_end.o
 .debug_macinfo
                0x000cc38c    0x64cce Startup\kinetis_sysinit.o
 .debug_macinfo
                0x0013105a    0x6305c Libraries\FEHMotor.o
 .debug_macinfo
                0x001940b6    0x6318f Drivers\i2c.o
 .debug_macinfo
                0x001f7245    0x62fd6 Drivers\spi.o
 .debug_macinfo
                0x0025a21b    0x62fc7 Drivers\uart.o
 .debug_macinfo
                0x002bd1e2     0x4396 Drivers\ff.o
 .debug_macinfo
                0x002c1578    0x6452b Drivers\SDHC.o
 .debug_macinfo
                0x00325aa3    0x63036 Drivers\lptmr.o
 .debug_macinfo
                0x00388ad9    0x62fdc FEHProteus.o
 .debug_macinfo
                0x003ebab5    0x63085 Drivers\FEHPropeller.o
 .debug_macinfo
                0x0044eb3a    0x62ff1 Libraries\FEHUtility.o
 .debug_macinfo
                0x004b1b2b    0x64348 Libraries\FEHIO.o
 .debug_macinfo
                0x00515e73    0x63678 Drivers\adc16.o
 .debug_macinfo
                0x005794eb    0x6301e Libraries\FEHBuzzer.o
 .debug_macinfo
                0x005dc509    0x64476 Libraries\FEHServo.o
 .debug_macinfo
                0x0064097f    0x649ab Libraries\FEHLCD.o
 .debug_macinfo
                0x006a532a    0x631be Libraries\FEHAccel.o
 .debug_macinfo
                0x007084e8    0x636a3 Libraries\FEHBattery.o
 .debug_macinfo
                0x0076bb8b    0x63d5d Drivers\FEHXBee.o
 .debug_macinfo
                0x007cf8e8    0x6627e Libraries\FEHRPS.o
 .debug_macinfo
                0x00835b66    0x65891 Libraries\FEHSD.o

.debug_str      0x00000000     0x50ec
 .debug_str     0x00000000     0x1a1e ..\main.o
                               0x1b1b (size before relaxing)
 .debug_str     0x00001a1e      0x338 Startup\__arm_start.o
                                0xe6f (size before relaxing)
 .debug_str     0x00001d56       0x23 Startup\__arm_end.o
                                 0xc3 (size before relaxing)
 .debug_str     0x00001d79      0x1d6 Startup\kinetis_sysinit.o
                                0x36e (size before relaxing)
 .debug_str     0x00001f4f       0x2f Libraries\FEHMotor.o
                                0x2e1 (size before relaxing)
 .debug_str     0x00001f7e      0x11a Drivers\i2c.o
                                0x20a (size before relaxing)
 .debug_str     0x00002098      0x18b Drivers\spi.o
                                0x3c3 (size before relaxing)
 .debug_str     0x00002223      0x188 Drivers\uart.o
                                0x358 (size before relaxing)
 .debug_str     0x000023ab      0x6b5 Drivers\ff.o
                                0x85b (size before relaxing)
 .debug_str     0x00002a60      0x546 Drivers\SDHC.o
                                0x831 (size before relaxing)
 .debug_str     0x00002fa6       0x5a Drivers\lptmr.o
                                0x211 (size before relaxing)
 .debug_str     0x00003000       0x28 FEHProteus.o
                                0x25d (size before relaxing)
 .debug_str     0x00003028       0x1f Drivers\FEHPropeller.o
                                0x39e (size before relaxing)
 .debug_str     0x00003047       0xc0 Libraries\FEHUtility.o
                                0x1e2 (size before relaxing)
 .debug_str     0x00003107      0xb81 Libraries\FEHIO.o
                               0x12b3 (size before relaxing)
 .debug_str     0x00003c88       0xd7 Drivers\adc16.o
                                0x2a2 (size before relaxing)
 .debug_str     0x00003d5f      0x1ba Libraries\FEHBuzzer.o
                                0x3b4 (size before relaxing)
 .debug_str     0x00003f19      0x24c Libraries\FEHServo.o
                               0x1114 (size before relaxing)
 .debug_str     0x00004165      0x2c3 Libraries\FEHLCD.o
                               0x1115 (size before relaxing)
 .debug_str     0x00004428       0x68 Libraries\FEHAccel.o
                                0x1a6 (size before relaxing)
 .debug_str     0x00004490       0x30 Libraries\FEHBattery.o
                                0x367 (size before relaxing)
 .debug_str     0x000044c0       0xfd Drivers\FEHXBee.o
                                0x54d (size before relaxing)
 .debug_str     0x000045bd      0x15d Libraries\FEHRPS.o
                               0x155d (size before relaxing)
 .debug_str     0x0000471a       0x82 Libraries\FEHSD.o
                                0xf3f (size before relaxing)
 .debug_str     0x0000479c       0xab C:\fehqt\Proteus/EWL/lib/armv7e-m\libc.a(sprintf.o)
                                0x15a (size before relaxing)
 .debug_str     0x00004847       0x83 C:\fehqt\Proteus/EWL/lib/armv7e-m\libc.a(vsnprintf.o)
                                0x1c3 (size before relaxing)
 .debug_str     0x000048ca       0x2e C:\fehqt\Proteus/EWL/lib/armv7e-m\libc.a(exit.o)
                                0x14e (size before relaxing)
 .debug_str     0x000048f8       0x1c C:\fehqt\Proteus/EWL/lib/armv7e-m\libc.a(memcpy.o)
                                0x138 (size before relaxing)
 .debug_str     0x00004914       0x1c C:\fehqt\Proteus/EWL/lib/armv7e-m\libc.a(memset.o)
                                0x140 (size before relaxing)
 .debug_str     0x00004930       0x24 C:\fehqt\Proteus/EWL/lib/armv7e-m\libc.a(strlen.o)
                                0x140 (size before relaxing)
 .debug_str     0x00004954      0x21a C:\fehqt\Proteus/EWL/lib/armv7e-m\libc.a(printformat_.o)
                                0x3aa (size before relaxing)
 .debug_str     0x00004b6e      0x17b C:\fehqt\Proteus/EWL/lib/armv7e-m\libc.a(scanformat_.o)
                                0x3f0 (size before relaxing)
 .debug_str     0x00004ce9       0x9d C:\fehqt\Proteus/EWL/lib/armv7e-m\libc.a(ctype_aeabi.o)
                                0x1b3 (size before relaxing)
 .debug_str     0x00004d86       0x55 C:\fehqt\Proteus/EWL/lib/armv7e-m\libc.a(__strtoul.o)
                                0x1f2 (size before relaxing)
 .debug_str     0x00004ddb       0x25 C:\fehqt\Proteus/EWL/lib/armv7e-m\libc.a(__filll_mem.o)
                                0x152 (size before relaxing)
 .debug_str     0x00004e00       0x1c C:\fehqt\Proteus/EWL/lib/armv7e-m\libc.a(memchr.o)
                                0x148 (size before relaxing)
 .debug_str     0x00004e1c       0x1c C:\fehqt\Proteus/EWL/lib/armv7e-m\libc.a(strchr.o)
                                0x137 (size before relaxing)
 .debug_str     0x00004e38      0x126 C:\fehqt\Proteus/EWL/lib/armv7e-m\librt.a(gcc_ctor_dtor.o)
                                0x185 (size before relaxing)
 .debug_str     0x00004f5e       0x9b C:\fehqt\Proteus/EWL/lib/armv7e-m\librt.a(ROMCopy.o)
                                0x140 (size before relaxing)
 .debug_str     0x00004ff9       0xf3 C:\fehqt\Proteus/EWL/lib/armv7e-m\librt.a(__arm_eabi_init.o)
                                0x1ac (size before relaxing)

.comment        0x00000000       0x79
 .comment       0x00000000       0x79 ..\main.o
                                 0x7a (size before relaxing)
 .comment       0x00000000       0x7a Startup\__arm_start.o
 .comment       0x00000000       0x7a Startup\__arm_end.o
 .comment       0x00000000       0x7a Startup\kinetis_sysinit.o
 .comment       0x00000000       0x7a Libraries\FEHMotor.o
 .comment       0x00000000       0x7a Drivers\i2c.o
 .comment       0x00000000       0x7a Drivers\spi.o
 .comment       0x00000000       0x7a Drivers\uart.o
 .comment       0x00000000       0x7a Drivers\ff.o
 .comment       0x00000000       0x7a Drivers\SDHC.o
 .comment       0x00000000       0x7a Drivers\lptmr.o
 .comment       0x00000000       0x7a FEHProteus.o
 .comment       0x00000000       0x7a Drivers\FEHPropeller.o
 .comment       0x00000000       0x7a Libraries\FEHUtility.o
 .comment       0x00000000       0x7a Libraries\FEHIO.o
 .comment       0x00000000       0x7a Drivers\adc16.o
 .comment       0x00000000       0x7a Libraries\FEHBuzzer.o
 .comment       0x00000000       0x7a Libraries\FEHServo.o
 .comment       0x00000000       0x7a Libraries\FEHLCD.o
 .comment       0x00000000       0x7a Libraries\FEHAccel.o
 .comment       0x00000000       0x7a Libraries\FEHBattery.o
 .comment       0x00000000       0x7a Drivers\FEHXBee.o
 .comment       0x00000000       0x7a Libraries\FEHRPS.o
 .comment       0x00000000       0x7a Libraries\FEHSD.o
 .comment       0x00000000       0x7a C:\fehqt\Proteus/EWL/lib/armv7e-m\libc.a(sprintf.o)
 .comment       0x00000000       0x7a C:\fehqt\Proteus/EWL/lib/armv7e-m\libc.a(vsnprintf.o)
 .comment       0x00000000       0x7a C:\fehqt\Proteus/EWL/lib/armv7e-m\libc.a(exit.o)
 .comment       0x00000000       0x7a C:\fehqt\Proteus/EWL/lib/armv7e-m\libc.a(memcpy.o)
 .comment       0x00000000       0x7a C:\fehqt\Proteus/EWL/lib/armv7e-m\libc.a(memset.o)
 .comment       0x00000000       0x7a C:\fehqt\Proteus/EWL/lib/armv7e-m\libc.a(strlen.o)
 .comment       0x00000000       0x7a C:\fehqt\Proteus/EWL/lib/armv7e-m\libc.a(printformat_.o)
 .comment       0x00000000       0x7a C:\fehqt\Proteus/EWL/lib/armv7e-m\libc.a(scanformat_.o)
 .comment       0x00000000       0x7a C:\fehqt\Proteus/EWL/lib/armv7e-m\libc.a(ctype_aeabi.o)
 .comment       0x00000000       0x7a C:\fehqt\Proteus/EWL/lib/armv7e-m\libc.a(__strtoul.o)
 .comment       0x00000000       0x7a C:\fehqt\Proteus/EWL/lib/armv7e-m\libc.a(__filll_mem.o)
 .comment       0x00000000       0x7a C:\fehqt\Proteus/EWL/lib/armv7e-m\libc.a(memchr.o)
 .comment       0x00000000       0x7a C:\fehqt\Proteus/EWL/lib/armv7e-m\libc.a(strchr.o)
 .comment       0x00000000       0x7a C:\fehqt\Proteus/EWL/lib/armv7e-m\librt.a(gcc_ctor_dtor.o)
 .comment       0x00000000       0x7a C:\fehqt\Proteus/EWL/lib/armv7e-m\librt.a(ROMCopy.o)
 .comment       0x00000000       0x7a C:\fehqt\Proteus/EWL/lib/armv7e-m\librt.a(__arm_eabi_init.o)

.debug_frame    0x00000000     0x2de8
 .debug_frame   0x00000000      0x41c ..\main.o
 .debug_frame   0x0000041c       0x98 Startup\__arm_start.o
 .debug_frame   0x000004b4       0x2c Startup\__arm_end.o
 .debug_frame   0x000004e0       0x5c Startup\kinetis_sysinit.o
 .debug_frame   0x0000053c       0x94 Libraries\FEHMotor.o
 .debug_frame   0x000005d0       0x88 Drivers\i2c.o
 .debug_frame   0x00000658       0xf8 Drivers\spi.o
 .debug_frame   0x00000750       0x84 Drivers\uart.o
 .debug_frame   0x000007d4      0x5e8 Drivers\ff.o
 .debug_frame   0x00000dbc      0x1e8 Drivers\SDHC.o
 .debug_frame   0x00000fa4       0x2c Drivers\lptmr.o
 .debug_frame   0x00000fd0       0x4c FEHProteus.o
 .debug_frame   0x0000101c       0xa8 Drivers\FEHPropeller.o
 .debug_frame   0x000010c4       0xf8 Libraries\FEHUtility.o
 .debug_frame   0x000011bc      0x4e8 Libraries\FEHIO.o
 .debug_frame   0x000016a4       0x64 Drivers\adc16.o
 .debug_frame   0x00001708      0x1c8 Libraries\FEHBuzzer.o
 .debug_frame   0x000018d0      0x12c Libraries\FEHServo.o
 .debug_frame   0x000019fc      0x9c0 Libraries\FEHLCD.o
 .debug_frame   0x000023bc       0xd8 Libraries\FEHAccel.o
 .debug_frame   0x00002494       0x8c Libraries\FEHBattery.o
 .debug_frame   0x00002520       0xfc Drivers\FEHXBee.o
 .debug_frame   0x0000261c      0x248 Libraries\FEHRPS.o
 .debug_frame   0x00002864       0xf0 Libraries\FEHSD.o
 .debug_frame   0x00002954       0x34 C:\fehqt\Proteus/EWL/lib/armv7e-m\libc.a(sprintf.o)
 .debug_frame   0x00002988       0x4c C:\fehqt\Proteus/EWL/lib/armv7e-m\libc.a(vsnprintf.o)
 .debug_frame   0x000029d4       0x28 C:\fehqt\Proteus/EWL/lib/armv7e-m\libc.a(exit.o)
 .debug_frame   0x000029fc       0x28 C:\fehqt\Proteus/EWL/lib/armv7e-m\libc.a(memcpy.o)
 .debug_frame   0x00002a24       0x28 C:\fehqt\Proteus/EWL/lib/armv7e-m\libc.a(memset.o)
 .debug_frame   0x00002a4c       0x20 C:\fehqt\Proteus/EWL/lib/armv7e-m\libc.a(strlen.o)
 .debug_frame   0x00002a6c       0x64 C:\fehqt\Proteus/EWL/lib/armv7e-m\libc.a(printformat_.o)
 .debug_frame   0x00002ad0       0x3c C:\fehqt\Proteus/EWL/lib/armv7e-m\libc.a(scanformat_.o)
 .debug_frame   0x00002b0c       0xf0 C:\fehqt\Proteus/EWL/lib/armv7e-m\libc.a(ctype_aeabi.o)
 .debug_frame   0x00002bfc       0x3c C:\fehqt\Proteus/EWL/lib/armv7e-m\libc.a(__strtoul.o)
 .debug_frame   0x00002c38       0x2c C:\fehqt\Proteus/EWL/lib/armv7e-m\libc.a(__filll_mem.o)
 .debug_frame   0x00002c64       0x28 C:\fehqt\Proteus/EWL/lib/armv7e-m\libc.a(memchr.o)
 .debug_frame   0x00002c8c       0x20 C:\fehqt\Proteus/EWL/lib/armv7e-m\libc.a(strchr.o)
 .debug_frame   0x00002cac       0x48 C:\fehqt\Proteus/EWL/lib/armv7e-m\librt.a(gcc_ctor_dtor.o)
 .debug_frame   0x00002cf4       0x48 C:\fehqt\Proteus/EWL/lib/armv7e-m\librt.a(ROMCopy.o)
 .debug_frame   0x00002d3c       0xac C:\fehqt\Proteus/EWL/lib/armv7e-m\librt.a(__arm_eabi_init.o)
