Archive member included because of file (symbol)

R:\fehqt\Proteus/EWL/lib/armv7e-m\libc.a(sprintf.o)
                              Libraries\FEHLCD.o (sprintf)
R:\fehqt\Proteus/EWL/lib/armv7e-m\libc.a(vsnprintf.o)
                              R:\fehqt\Proteus/EWL/lib/armv7e-m\libc.a(sprintf.o) (vsnprintf)
R:\fehqt\Proteus/EWL/lib/armv7e-m\libc.a(exit.o)
                              Startup\__arm_start.o (exit)
R:\fehqt\Proteus/EWL/lib/armv7e-m\libc.a(memcpy.o)
                              R:\fehqt\Proteus/EWL/lib/armv7e-m\libc.a(vsnprintf.o) (memcpy)
R:\fehqt\Proteus/EWL/lib/armv7e-m\libc.a(memset.o)
                              Startup\__arm_start.o (memset)
R:\fehqt\Proteus/EWL/lib/armv7e-m\libc.a(strcmp.o)
                              Libraries\FEHLCD.o (strcmp)
R:\fehqt\Proteus/EWL/lib/armv7e-m\libc.a(strcpy.o)
                              Libraries\FEHLCD.o (strcpy)
R:\fehqt\Proteus/EWL/lib/armv7e-m\libc.a(strlen.o)
                              Libraries\FEHLCD.o (strlen)
R:\fehqt\Proteus/EWL/lib/armv7e-m\libc.a(printformat_.o)
                              (__pformatter_)
R:\fehqt\Proteus/EWL/lib/armv7e-m\libc.a(scanformat_.o)
                              (__sformatter)
R:\fehqt\Proteus/EWL/lib/armv7e-m\libc.a(ctype_aeabi.o)
                              R:\fehqt\Proteus/EWL/lib/armv7e-m\libc.a(scanformat_.o) (isspace)
R:\fehqt\Proteus/EWL/lib/armv7e-m\libc.a(__strtoul.o)
                              R:\fehqt\Proteus/EWL/lib/armv7e-m\libc.a(scanformat_.o) (__strtoul)
R:\fehqt\Proteus/EWL/lib/armv7e-m\libc.a(__filll_mem.o)
                              R:\fehqt\Proteus/EWL/lib/armv7e-m\libc.a(memset.o) (__fill_mem)
R:\fehqt\Proteus/EWL/lib/armv7e-m\libc.a(memchr.o)
                              R:\fehqt\Proteus/EWL/lib/armv7e-m\libc.a(printformat_.o) (memchr)
R:\fehqt\Proteus/EWL/lib/armv7e-m\libc.a(strchr.o)
                              R:\fehqt\Proteus/EWL/lib/armv7e-m\libc.a(printformat_.o) (strchr)
r:/fehqt/proteus/gcc/bin/../lib/gcc/arm-none-eabi/4.6.2/armv7e-m\libgcc.a(_arm_addsubdf3.o)
                              Libraries\FEHLCD.o (__aeabi_dsub)
r:/fehqt/proteus/gcc/bin/../lib/gcc/arm-none-eabi/4.6.2/armv7e-m\libgcc.a(_arm_muldivdf3.o)
                              Libraries\FEHMotor.o (__aeabi_dmul)
r:/fehqt/proteus/gcc/bin/../lib/gcc/arm-none-eabi/4.6.2/armv7e-m\libgcc.a(_arm_fixdfsi.o)
                              Libraries\FEHMotor.o (__aeabi_d2iz)
r:/fehqt/proteus/gcc/bin/../lib/gcc/arm-none-eabi/4.6.2/armv7e-m\libgcc.a(_arm_fixunsdfsi.o)
                              Libraries\FEHUtility.o (__aeabi_d2uiz)
r:/fehqt/proteus/gcc/bin/../lib/gcc/arm-none-eabi/4.6.2/armv7e-m\libgcc.a(_arm_truncdfsf2.o)
                              Libraries\FEHMotor.o (__aeabi_d2f)
r:/fehqt/proteus/gcc/bin/../lib/gcc/arm-none-eabi/4.6.2/armv7e-m\libgcc.a(_arm_addsubsf3.o)
                              Libraries\FEHLCD.o (__aeabi_fsub)
r:/fehqt/proteus/gcc/bin/../lib/gcc/arm-none-eabi/4.6.2/armv7e-m\libgcc.a(_arm_muldivsf3.o)
                              Drivers\mcg.o (__aeabi_fmul)
r:/fehqt/proteus/gcc/bin/../lib/gcc/arm-none-eabi/4.6.2/armv7e-m\libgcc.a(_arm_cmpsf2.o)
                              Libraries\FEHServo.o (__aeabi_fcmpeq)
r:/fehqt/proteus/gcc/bin/../lib/gcc/arm-none-eabi/4.6.2/armv7e-m\libgcc.a(_arm_fixsfsi.o)
                              Libraries\FEHLCD.o (__aeabi_f2iz)
r:/fehqt/proteus/gcc/bin/../lib/gcc/arm-none-eabi/4.6.2/armv7e-m\libgcc.a(_arm_fixunssfsi.o)
                              Drivers\mcg.o (__aeabi_f2uiz)
R:\fehqt\Proteus/EWL/lib/armv7e-m\librt.a(gcc_ctor_dtor.o)
                              Startup\__arm_start.o (__init_cpp)
R:\fehqt\Proteus/EWL/lib/armv7e-m\librt.a(ROMCopy.o)
                              Startup\__arm_start.o (__copy_rom_sections_to_ram)
R:\fehqt\Proteus/EWL/lib/armv7e-m\librt.a(__arm_eabi_init.o)
                              R:\fehqt\Proteus/EWL/lib/armv7e-m\libc.a(exit.o) (__destroy_global_chain)
R:\fehqt\Proteus/EWL/lib/armv7e-m\librt.a(New.o)
                              Libraries\FEHIO.o (operator new(unsigned int))
r:/fehqt/proteus/gcc/bin/../lib/gcc/arm-none-eabi/4.6.2/../../../../arm-none-eabi/lib/armv7e-m\libsupc++.a(class_type_info.o)
                              R:\fehqt\Proteus/EWL/lib/armv7e-m\librt.a(New.o) (vtable for __cxxabiv1::__class_type_info)
r:/fehqt/proteus/gcc/bin/../lib/gcc/arm-none-eabi/4.6.2/../../../../arm-none-eabi/lib/armv7e-m\libsupc++.a(eh_alloc.o)
                              R:\fehqt\Proteus/EWL/lib/armv7e-m\librt.a(New.o) (__cxa_allocate_exception)
r:/fehqt/proteus/gcc/bin/../lib/gcc/arm-none-eabi/4.6.2/../../../../arm-none-eabi/lib/armv7e-m\libsupc++.a(eh_arm.o)
                              R:\fehqt\Proteus/EWL/lib/armv7e-m\librt.a(New.o) (__cxa_end_cleanup)
r:/fehqt/proteus/gcc/bin/../lib/gcc/arm-none-eabi/4.6.2/../../../../arm-none-eabi/lib/armv7e-m\libsupc++.a(eh_aux_runtime.o)
[...]
Memory Configuration

Name             Origin             Length             Attributes
m_interrupts     0x0000c000         0x00000400         xr
m_cfmprotrom     0x0000c400         0x00000010         xr
m_text           0x0000c410         0x00073bf0         xr
m_data           0x1fff0400         0x0000fc00         xrw
m_data2          0x20000000         0x00010000         xrw
*default*        0x00000000         0xffffffff

Linker script and memory map

LOAD ..\main.o
LOAD Startup\__arm_start.o
LOAD Startup\__arm_end.o
LOAD Startup\kinetis_sysinit.o
LOAD Libraries\FEHMotor.o
LOAD Drivers\mcg.o
LOAD Drivers\i2c.o
LOAD Drivers\spi.o
LOAD Drivers\uart.o
LOAD Drivers\lptmr.o
LOAD FEHProteus.o
LOAD Drivers\FEHPropeller.o
LOAD Libraries\FEHUtility.o
LOAD Libraries\FEHIO.o
LOAD Drivers\adc16.o
LOAD Libraries\FEHBuzzer.o
LOAD Libraries\FEHServo.o
LOAD Libraries\FEHLCD.o
LOAD Libraries\FEHAccel.o
LOAD Libraries\FEHBattery.o
LOAD Drivers\FEHXBee.o
LOAD Libraries\FEHRPS.o
                0x00011b70                __pformatter = __pformatter_
                [0x00011f68]                __sformatter = __sformatter
LOAD R:\fehqt\Proteus/EWL/lib/armv7e-m\libstdc++.a
LOAD R:\fehqt\Proteus/EWL/lib/armv7e-m\libm.a
START GROUP
LOAD R:\fehqt\Proteus/EWL/lib/armv7e-m\libc.a
LOAD R:\fehqt\Proteus/EWL/lib/armv7e-m\libc++.a
LOAD R:\fehqt\Proteus/EWL/lib/armv7e-m\libm.a
LOAD r:/fehqt/proteus/gcc/bin/../lib/gcc/arm-none-eabi/4.6.2/armv7e-m\libgcc.a
LOAD R:\fehqt\Proteus/EWL/lib/armv7e-m\librt.a
LOAD r:/fehqt/proteus/gcc/bin/../lib/gcc/arm-none-eabi/4.6.2/../../../../arm-none-eabi/lib/armv7e-m\libsupc++.a
END GROUP
                0x20000000                _estack = 0x20000000
                0x20000000                __SP_INIT = _estack
                0x00000800                __heap_size = 0x800
                0x00000800                __stack_size = 0x800

.interrupts     0x0000c000      0x1e0
                0x0000c000                __vector_table = .
                0x0000c000                . = ALIGN (0x4)
 *(.vectortable)
 .vectortable   0x0000c000      0x1e0 Startup\kinetis_sysinit.o
                0x0000c1e0                . = ALIGN (0x4)

.cfmprotect     0x0000c400        0x0
                0x0000c400                . = ALIGN (0x4)
 *(.cfmconfig)
                0x0000c400                . = ALIGN (0x4)

.text           0x0000c410     0x69a4
                0x0000c410                . = ALIGN (0x4)
 *(.text)
 .text          0x0000c410      0x370 r:/fehqt/proteus/gcc/bin/../lib/gcc/arm-none-eabi/4.6.2/armv7e-m\libgcc.a(_arm_addsubdf3.o)
                0x0000c410                __aeabi_drsub
                0x0000c418                __aeabi_dsub
                0x0000c418                __subdf3
                0x0000c41c                __aeabi_dadd
                0x0000c41c                __adddf3
                0x0000c694                __floatunsidf
                0x0000c694                __aeabi_ui2d
                0x0000c6b4                __floatsidf
                0x0000c6b4                __aeabi_i2d
                0x0000c6d8                __aeabi_f2d
                0x0000c6d8                __extendsfdf2
                0x0000c714                __floatundidf
                0x0000c714                __aeabi_ul2d
                0x0000c724                __floatdidf
                0x0000c724                __aeabi_l2d
 .text          0x0000c780      0x424 r:/fehqt/proteus/gcc/bin/../lib/gcc/arm-none-eabi/4.6.2/armv7e-m\libgcc.a(_arm_muldivdf3.o)
                0x0000c780                __aeabi_dmul
                0x0000c780                __muldf3
                0x0000c9d4                __divdf3
                0x0000c9d4                __aeabi_ddiv
 .text          0x0000cba4       0x50 r:/fehqt/proteus/gcc/bin/../lib/gcc/arm-none-eabi/4.6.2/armv7e-m\libgcc.a(_arm_fixdfsi.o)
                0x0000cba4                __aeabi_d2iz
                0x0000cba4                __fixdfsi
 .text          0x0000cbf4       0x40 r:/fehqt/proteus/gcc/bin/../lib/gcc/arm-none-eabi/4.6.2/armv7e-m\libgcc.a(_arm_fixunsdfsi.o)
                0x0000cbf4                __aeabi_d2uiz
                0x0000cbf4                __fixunsdfsi
 .text          0x0000cc34       0xa0 r:/fehqt/proteus/gcc/bin/../lib/gcc/arm-none-eabi/4.6.2/armv7e-m\libgcc.a(_arm_truncdfsf2.o)
                0x0000cc34                __truncdfsf2
                0x0000cc34                __aeabi_d2f
 .text          0x0000ccd4      0x21c r:/fehqt/proteus/gcc/bin/../lib/gcc/arm-none-eabi/4.6.2/armv7e-m\libgcc.a(_arm_addsubsf3.o)
                0x0000ccd4                __aeabi_frsub
                0x0000ccdc                __subsf3
                0x0000ccdc                __aeabi_fsub
                0x0000cce0                __aeabi_fadd
                0x0000cce0                __addsf3
                0x0000ce40                __aeabi_ui2f
                0x0000ce40                __floatunsisf
                0x0000ce48                __aeabi_i2f
                0x0000ce48                __floatsisf
                0x0000ce64                __aeabi_ul2f
                0x0000ce64                __floatundisf
                0x0000ce74                __aeabi_l2f
                0x0000ce74                __floatdisf
 .text          0x0000cef0      0x2a0 r:/fehqt/proteus/gcc/bin/../lib/gcc/arm-none-eabi/4.6.2/armv7e-m\libgcc.a(_arm_muldivsf3.o)
                0x0000cef0                __mulsf3
                0x0000cef0                __aeabi_fmul
                0x0000d058                __aeabi_fdiv
                0x0000d058                __divsf3
 .text          0x0000d190       0xec r:/fehqt/proteus/gcc/bin/../lib/gcc/arm-none-eabi/4.6.2/armv7e-m\libgcc.a(_arm_cmpsf2.o)
                0x0000d190                __gesf2
                0x0000d190                __gtsf2
                0x0000d198                __lesf2
                0x0000d198                __ltsf2
                0x0000d1a0                __nesf2
                0x0000d1a0                __eqsf2
                0x0000d1a0                __cmpsf2
                0x0000d200                __aeabi_cfrcmple
                0x0000d208                __aeabi_cfcmpeq
                0x0000d208                __aeabi_cfcmple
                0x0000d218                __aeabi_fcmpeq
                0x0000d22c                __aeabi_fcmplt
                0x0000d240                __aeabi_fcmple
                0x0000d254                __aeabi_fcmpge
                0x0000d268                __aeabi_fcmpgt
 *(.text*)
 .text.main     0x0000d27c      0x344 ..\main.o
                0x0000d27c                main
 .text._Z41__static_initialization_and_destruction_0ii
                0x0000d5c0       0xbc ..\main.o
 .text._GLOBAL__sub_I_buttons
                0x0000d67c       0x14 ..\main.o
 .text.zero_fill_bss
                0x0000d690       0x34 Startup\__arm_start.o
 .text.__thumb_startup
                0x0000d6c4       0x34 Startup\__arm_start.o
                0x0000d6c4                __thumb_startup
 .text.InitFEHProteus
                0x0000d6f8      0x15c Startup\__arm_start.o
                0x0000d6f8                InitFEHProteus
 .text.pll_init_bl
                0x0000d854      0x130 Startup\__arm_start.o
 .text.InitPowerButton
                0x0000d984       0x90 Startup\__arm_start.o
                0x0000d984                InitPowerButton
 .text._ExitProcess
                0x0000da14        0xc Startup\__arm_end.o
                0x0000da14                _ExitProcess
 .text.Default_Handler
                0x0000da20        0xc Startup\kinetis_sysinit.o
                0x0000da20                BusFault_Handler()
                0x0000da20                HardFault_Handler()
                0x0000da20                SysTick_Handler()
                0x0000da20                PendSV_Handler()
                0x0000da20                DebugMonitor_Handler()
                0x0000da20                MemManage_Handler()
                0x0000da20                NMI_Handler()
                0x0000da20                SVC_Handler()
                0x0000da20                Default_Handler
                0x0000da20                UsageFault_Handler()
 .text.__init_hardware
                0x0000da2c       0x44 Startup\kinetis_sysinit.o
                0x0000da2c                __init_hardware
 .text._Z8PortDISRv
                0x0000da70       0x5c Startup\kinetis_sysinit.o
                0x0000da70                PortDISR()
 *fill*         0x0000dacc        0x4 00
 .text._ZN8FEHMotorC2ENS_12FEHMotorPortEf
                0x0000dad0       0xb0 Libraries\FEHMotor.o
                0x0000dad0                FEHMotor::FEHMotor(FEHMotor::FEHMotorPort, float)
                0x0000dad0                FEHMotor::FEHMotor(FEHMotor::FEHMotorPort, float)
 .text._ZN8FEHMotor4StopEv
                0x0000db80       0x3c Libraries\FEHMotor.o
                0x0000db80                FEHMotor::Stop()
 .text._ZN8FEHMotor8SetPowerEi
                0x0000dbbc       0x60 Libraries\FEHMotor.o
                0x0000dbbc                FEHMotor::SetPower(int)
 *fill*         0x0000dc1c        0x4 00
 .text._ZN8FEHMotor10SetPercentEf
                0x0000dc20      0x158 Libraries\FEHMotor.o
                0x0000dc20                FEHMotor::SetPercent(float)
 .text._Z21IIC_StartTransmissionhh
                0x0000dd78       0x98 Drivers\i2c.o
                0x0000dd78                IIC_StartTransmission(unsigned char, unsigned char)
 .text._Z5Pausev
                0x0000de10       0x34 Drivers\i2c.o
                0x0000de10                Pause()
 .text._Z21MMA8451QWriteRegisterhh
                0x0000de44      0x12c Drivers\i2c.o
                0x0000de44                MMA8451QWriteRegister(unsigned char, unsigned char)
 .text._Z12SPI_SendCharh
                0x0000df70       0x1c Drivers\spi.o
                0x0000df70                SPI_SendChar(unsigned char)
 .text._Z16SPI_WriteCommandhh
                0x0000df8c       0x34 Drivers\spi.o
                0x0000df8c                SPI_WriteCommand(unsigned char, unsigned char)
 .text._Z13SPI_CS_Assertv
                0x0000dfc0       0x24 Drivers\spi.o
                0x0000dfc0                SPI_CS_Assert()
 .text._Z15SPI_CS_Deassertv
                0x0000dfe4       0x24 Drivers\spi.o
                0x0000dfe4                SPI_CS_Deassert()
 .text._Z12SPI_Transferh
                0x0000e008       0x88 Drivers\spi.o
                0x0000e008                SPI_Transfer(unsigned char)
 .text._Z8SPI_Initv
                0x0000e090       0xe8 Drivers\spi.o
                0x0000e090                SPI_Init()
 .text._Z9uart_initPV11UART_MemMapii
                0x0000e178      0x20c Drivers\uart.o
                0x0000e178                uart_init(UART_MemMap volatile*, int, int)
 .text._Z12uart_getcharPV11UART_MemMap
                0x0000e384       0x34 Drivers\uart.o
                0x0000e384                uart_getchar(UART_MemMap volatile*)
 .text._Z12uart_putcharPV11UART_MemMapc
                0x0000e3b8       0x38 Drivers\uart.o
                0x0000e3b8                uart_putchar(UART_MemMap volatile*, char)
 .text._Z13time_delay_msm
                0x0000e3f0       0xa4 Drivers\lptmr.o
                0x0000e3f0                time_delay_ms(unsigned long)
 .text._Z41__static_initialization_and_destruction_0ii
                0x0000e494       0x30 FEHProteus.o
 .text._GLOBAL__sub_I_Propeller
                0x0000e4c4       0x14 FEHProteus.o
 .text._ZN12FEHPropellerC2Ev
                0x0000e4d8       0x20 Drivers\FEHPropeller.o
                0x0000e4d8                FEHPropeller::FEHPropeller()
                0x0000e4d8                FEHPropeller::FEHPropeller()
 .text._ZN12FEHPropeller10InitializeEv
                0x0000e4f8       0x94 Drivers\FEHPropeller.o
                0x0000e4f8                FEHPropeller::Initialize()
 .text._ZN12FEHPropeller12SetMotorRateEhhh
                0x0000e58c       0x78 Drivers\FEHPropeller.o
                0x0000e58c                FEHPropeller::SetMotorRate(unsigned char, unsigned char, unsigned char)
 .text._ZL5Delaymjj
                0x0000e604       0xc4 Libraries\FEHUtility.o
 .text._Z5Sleepi
                0x0000e6c8       0x34 Libraries\FEHUtility.o
                0x0000e6c8                Sleep(int)
 *fill*         0x0000e6fc        0x4 00
 .text._Z5Sleepd
                0x0000e700       0x58 Libraries\FEHUtility.o
                0x0000e700                Sleep(double)
 .text._ZN15DigitalInputPinC2EN5FEHIO8FEHIOPinE
                0x0000e758       0x24 Libraries\FEHIO.o
                0x0000e758                DigitalInputPin::DigitalInputPin(FEHIO::FEHIOPin)
                0x0000e758                DigitalInputPin::DigitalInputPin(FEHIO::FEHIOPin)
 .text._ZN15DigitalInputPinC2Ev
                0x0000e77c       0x18 Libraries\FEHIO.o
                0x0000e77c                DigitalInputPin::DigitalInputPin()
                0x0000e77c                DigitalInputPin::DigitalInputPin()
 .text._ZN15DigitalInputPin10InitializeEN5FEHIO8FEHIOPinE
                0x0000e794      0x224 Libraries\FEHIO.o
                0x0000e794                DigitalInputPin::Initialize(FEHIO::FEHIOPin)
 .text._ZN15DigitalInputPin5ValueEv
                0x0000e9b8      0x148 Libraries\FEHIO.o
                0x0000e9b8                DigitalInputPin::Value()
 .text._Z9portB_isrv
                0x0000eb00       0xd4 Libraries\FEHIO.o
                0x0000eb00                portB_isr()
 .text._Z9portC_isrv
                0x0000ebd4       0xd8 Libraries\FEHIO.o
                0x0000ebd4                portC_isr()
 .text._Z9portA_isrv
                0x0000ecac       0xd8 Libraries\FEHIO.o
                0x0000ecac                portA_isr()
 .text._Z9portE_isrv
                0x0000ed84       0xd0 Libraries\FEHIO.o
                0x0000ed84                portE_isr()
 .text._ZN14AnalogInputPinC2EN5FEHIO8FEHIOPinE
                0x0000ee54       0x20 Libraries\FEHIO.o
                0x0000ee54                AnalogInputPin::AnalogInputPin(FEHIO::FEHIOPin)
                0x0000ee54                AnalogInputPin::AnalogInputPin(FEHIO::FEHIOPin)
 .text._ZN13AnalogEncoder12EncoderValueEv
                0x0000ee74       0xe4 Libraries\FEHIO.o
                0x0000ee74                AnalogEncoder::EncoderValue()
 .text._ZN14AnalogInputPin8InitADCsEv
                0x0000ef58      0x120 Libraries\FEHIO.o
                0x0000ef58                AnalogInputPin::InitADCs()
 .text._Z8pit0_isrv
                0x0000f078       0x34 Libraries\FEHIO.o
                0x0000f078                pit0_isr()
 .text._ZN13AnalogEncoder4InitEv
                0x0000f0ac       0x64 Libraries\FEHIO.o
                0x0000f0ac                AnalogEncoder::Init()
 .text._ZN13AnalogEncoder14SetCounterInitEj
                0x0000f110       0x20 Libraries\FEHIO.o
                0x0000f110                AnalogEncoder::SetCounterInit(unsigned int)
 .text._ZN13AnalogEncoder10ProcessIntEv
                0x0000f130       0x80 Libraries\FEHIO.o
                0x0000f130                AnalogEncoder::ProcessInt()
 .text._ZN13AnalogEncoder14ProcessIntSelfEv
                0x0000f1b0       0x80 Libraries\FEHIO.o
                0x0000f1b0                AnalogEncoder::ProcessIntSelf()
 .text._ZN11ButtonBoardC2EN5FEHIO9FEHIOPortE
                0x0000f230      0x10c Libraries\FEHIO.o
                0x0000f230                ButtonBoard::ButtonBoard(FEHIO::FEHIOPort)
                0x0000f230                ButtonBoard::ButtonBoard(FEHIO::FEHIOPort)
 .text._Z7ADC_CalPV10ADC_MemMap
                0x0000f33c      0x14c Drivers\adc16.o
                0x0000f33c                ADC_Cal(ADC_MemMap volatile*)
 .text._Z14ADC_Config_AltPV10ADC_MemMapP7adc_cfg
                0x0000f488       0x6c Drivers\adc16.o
                0x0000f488                ADC_Config_Alt(ADC_MemMap volatile*, adc_cfg*)
 .text._ZN9FEHBuzzerC2Ev
                0x0000f4f4       0x18 Libraries\FEHBuzzer.o
                0x0000f4f4                FEHBuzzer::FEHBuzzer()
                0x0000f4f4                FEHBuzzer::FEHBuzzer()
 .text._Z41__static_initialization_and_destruction_0ii
                0x0000f50c       0x30 Libraries\FEHBuzzer.o
 .text._GLOBAL__sub_I_Buzzer
                0x0000f53c       0x14 Libraries\FEHBuzzer.o
 .text._ZN8FEHServoC2ENS_12FEHServoPortE
                0x0000f550       0x3c Libraries\FEHServo.o
                0x0000f550                FEHServo::FEHServo(FEHServo::FEHServoPort)
                0x0000f550                FEHServo::FEHServo(FEHServo::FEHServoPort)
 .text._ZN6FEHLCD11_InitializeEv
                0x0000f58c      0x5dc Libraries\FEHLCD.o
                0x0000f58c                FEHLCD::_Initialize()
 .text._ZN6FEHLCDC2Ev
                0x0000fb68       0x64 Libraries\FEHLCD.o
                0x0000fb68                FEHLCD::FEHLCD()
                0x0000fb68                FEHLCD::FEHLCD()
 .text._ZN6FEHLCD10InitializeEv
                0x0000fbcc       0x38 Libraries\FEHLCD.o
                0x0000fbcc                FEHLCD::Initialize()
 .text._ZN6FEHLCD10PrintImageEii
                0x0000fc04       0xf4 Libraries\FEHLCD.o
                0x0000fc04                FEHLCD::PrintImage(int, int)
 .text._ZN6FEHLCD9PrintLogoEii
                0x0000fcf8       0xf4 Libraries\FEHLCD.o
                0x0000fcf8                FEHLCD::PrintLogo(int, int)
 .text._ZN6FEHLCD22ConvertFEHColorTo24BitENS_11FEHLCDColorE
                0x0000fdec       0x80 Libraries\FEHLCD.o
                0x0000fdec                FEHLCD::ConvertFEHColorTo24Bit(FEHLCD::FEHLCDColor)
 .text._ZN6FEHLCD24Convert24BitColorTo16BitEj
                0x0000fe6c       0x40 Libraries\FEHLCD.o
                0x0000fe6c                FEHLCD::Convert24BitColorTo16Bit(unsigned int)
 .text._ZN6FEHLCD22ConvertRGBColorTo16BitEhhh
                0x0000feac       0x44 Libraries\FEHLCD.o
                0x0000feac                FEHLCD::ConvertRGBColorTo16Bit(unsigned char, unsigned char, unsigned char)
 .text._ZN6FEHLCD5ClearENS_11FEHLCDColorE
                0x0000fef0       0x28 Libraries\FEHLCD.o
                0x0000fef0                FEHLCD::Clear(FEHLCD::FEHLCDColor)
 .text._ZN6FEHLCD5ClearEj
                0x0000ff18       0x2c Libraries\FEHLCD.o
                0x0000ff18                FEHLCD::Clear(unsigned int)
 .text._ZN6FEHLCD18SetBackgroundColorENS_11FEHLCDColorE
                0x0000ff44       0x28 Libraries\FEHLCD.o
                0x0000ff44                FEHLCD::SetBackgroundColor(FEHLCD::FEHLCDColor)
 .text._ZN6FEHLCD18SetBackgroundColorEj
                0x0000ff6c       0x28 Libraries\FEHLCD.o
                0x0000ff6c                FEHLCD::SetBackgroundColor(unsigned int)
 .text._ZN6FEHLCD12SetFontColorENS_11FEHLCDColorE
                0x0000ff94       0x28 Libraries\FEHLCD.o
                0x0000ff94                FEHLCD::SetFontColor(FEHLCD::FEHLCDColor)
 .text._ZN6FEHLCD12SetFontColorEj
                0x0000ffbc       0x28 Libraries\FEHLCD.o
                0x0000ffbc                FEHLCD::SetFontColor(unsigned int)
 .text._ZN6FEHLCD7WriteAtEPKcii
                0x0000ffe4       0x58 Libraries\FEHLCD.o
                0x0000ffe4                FEHLCD::WriteAt(char const*, int, int)
 .text._ZN6FEHLCD11TS_SPI_InitEv
                0x0001003c       0xa8 Libraries\FEHLCD.o
                0x0001003c                FEHLCD::TS_SPI_Init()
 .text._ZN6FEHLCD10WriteIndexEh
                0x000100e4      0x288 Libraries\FEHLCD.o
                0x000100e4                FEHLCD::WriteIndex(unsigned char)
 .text._ZN6FEHLCD14WriteParameterEh
                0x0001036c      0x254 Libraries\FEHLCD.o
                0x0001036c                FEHLCD::WriteParameter(unsigned char)
 .text._ZN6FEHLCD6_ClearEv
                0x000105c0      0x228 Libraries\FEHLCD.o
                0x000105c0                FEHLCD::_Clear()
 .text._ZN6FEHLCD8NextLineEv
                0x000107e8       0x30 Libraries\FEHLCD.o
                0x000107e8                FEHLCD::NextLine()
 .text._ZN6FEHLCD9CheckLineEv
                0x00010818       0x2c Libraries\FEHLCD.o
                0x00010818                FEHLCD::CheckLine()
 .text._ZN6FEHLCD13SetDrawRegionEiiii
                0x00010844      0x10c Libraries\FEHLCD.o
                0x00010844                FEHLCD::SetDrawRegion(int, int, int, int)
 .text._ZN6FEHLCD11WriteCharAtEiic
                0x00010950      0x278 Libraries\FEHLCD.o
                0x00010950                FEHLCD::WriteCharAt(int, int, char)
 .text._ZN6FEHLCD11RepeatColorEv
                0x00010bc8       0xbc Libraries\FEHLCD.o
                0x00010bc8                FEHLCD::RepeatColor()
 .text._ZN6FEHLCD10_ForePixelEv
                0x00010c84      0x160 Libraries\FEHLCD.o
                0x00010c84                FEHLCD::_ForePixel()
 .text._ZN6FEHLCD10_BackPixelEv
                0x00010de4      0x160 Libraries\FEHLCD.o
                0x00010de4                FEHLCD::_BackPixel()
 .text._ZN6FEHLCD22SetRegisterColorValuesEv
                0x00010f44      0x4c0 Libraries\FEHLCD.o
                0x00010f44                FEHLCD::SetRegisterColorValues()
 .text._Z41__static_initialization_and_destruction_0ii
                0x00011404       0x30 Libraries\FEHLCD.o
 .text._GLOBAL__sub_I_image
                0x00011434       0x14 Libraries\FEHLCD.o
 .text._ZN8FEHAccelC2Ev
                0x00011448       0x8c Libraries\FEHAccel.o
                0x00011448                FEHAccel::FEHAccel()
                0x00011448                FEHAccel::FEHAccel()
 .text._Z41__static_initialization_and_destruction_0ii
                0x000114d4       0x30 Libraries\FEHAccel.o
 .text._GLOBAL__sub_I_Accel
                0x00011504       0x14 Libraries\FEHAccel.o
 .text._ZN10FEHBatteryC2EN5FEHIO8FEHIOPinE
                0x00011518       0x24 Libraries\FEHBattery.o
                0x00011518                FEHBattery::FEHBattery(FEHIO::FEHIOPin)
                0x00011518                FEHBattery::FEHBattery(FEHIO::FEHIOPin)
 .text._Z41__static_initialization_and_destruction_0ii
                0x0001153c       0x34 Libraries\FEHBattery.o
 .text._GLOBAL__sub_I_Battery
                0x00011570       0x14 Libraries\FEHBattery.o
 .text._ZN7FEHXBeeC2Ev
                0x00011584       0x20 Drivers\FEHXBee.o
                0x00011584                FEHXBee::FEHXBee()
                0x00011584                FEHXBee::FEHXBee()
 .text._ZN7FEHXBee17SetPacketCallBackEPFvPhhE
                0x000115a4       0x20 Drivers\FEHXBee.o
                0x000115a4                FEHXBee::SetPacketCallBack(void (*)(unsigned char*, unsigned char))
 .text._Z9UART0_ISRv
                0x000115c4      0x174 Drivers\FEHXBee.o
                0x000115c4                UART0_ISR()
 .text._ZN6FEHRPSC2Ev
                0x00011738       0x88 Libraries\FEHRPS.o
                0x00011738                FEHRPS::FEHRPS()
                0x00011738                FEHRPS::FEHRPS()
 .text._Z14RPSDataProcessPhh
                0x000117c0      0x180 Libraries\FEHRPS.o
                0x000117c0                RPSDataProcess(unsigned char*, unsigned char)
 .text._Z41__static_initialization_and_destruction_0ii
                0x00011940       0x30 Libraries\FEHRPS.o
 .text._GLOBAL__sub_I_RPS
                0x00011970       0x14 Libraries\FEHRPS.o
 .text.exit     0x00011984       0x38 R:\fehqt\Proteus/EWL/lib/armv7e-m\libc.a(exit.o)
                0x00011984                exit
 .text.memset   0x000119bc        0xc R:\fehqt\Proteus/EWL/lib/armv7e-m\libc.a(memset.o)
                0x000119bc                memset
 .text.strlen   0x000119c8       0x10 R:\fehqt\Proteus/EWL/lib/armv7e-m\libc.a(strlen.o)
                0x000119c8                strlen
 .text.long2str.isra.0
                0x000119d8      0x196 R:\fehqt\Proteus/EWL/lib/armv7e-m\libc.a(printformat_.o)
 *fill*         0x00011b6e        0x2 00
 .text.__pformatter_
                0x00011b70      0x3f8 R:\fehqt\Proteus/EWL/lib/armv7e-m\libc.a(printformat_.o)
                0x00011b70                __pformatter_
 .text.__sformatter
                0x00011f68      0x74e R:\fehqt\Proteus/EWL/lib/armv7e-m\libc.a(scanformat_.o)
                0x00011f68                __sformatter
 *fill*         0x000126b6        0x2 00
 .text.isalpha  0x000126b8       0x1c R:\fehqt\Proteus/EWL/lib/armv7e-m\libc.a(ctype_aeabi.o)
                0x000126b8                isalpha
 .text.isspace  0x000126d4       0x1c R:\fehqt\Proteus/EWL/lib/armv7e-m\libc.a(ctype_aeabi.o)
                0x000126d4                isspace
 .text.toupper  0x000126f0        0xc R:\fehqt\Proteus/EWL/lib/armv7e-m\libc.a(ctype_aeabi.o)
                0x000126f0                toupper
 .text.__strtoul
                0x000126fc      0x1dc R:\fehqt\Proteus/EWL/lib/armv7e-m\libc.a(__strtoul.o)
                0x000126fc                __strtoul
 .text.__fill_mem
                0x000128d8       0x76 R:\fehqt\Proteus/EWL/lib/armv7e-m\libc.a(__filll_mem.o)
                0x000128d8                __fill_mem
 .text.memchr   0x0001294e       0x1a R:\fehqt\Proteus/EWL/lib/armv7e-m\libc.a(memchr.o)
                0x0001294e                memchr
 .text.strchr   0x00012968       0x1c R:\fehqt\Proteus/EWL/lib/armv7e-m\libc.a(strchr.o)
                0x00012968                strchr
 .text.__init_cpp
                0x00012984       0x4c R:\fehqt\Proteus/EWL/lib/armv7e-m\librt.a(gcc_ctor_dtor.o)
                0x00012984                __init_cpp
 .text.__fini_cpp
                0x000129d0       0x34 R:\fehqt\Proteus/EWL/lib/armv7e-m\librt.a(gcc_ctor_dtor.o)
                0x000129d0                __fini_cpp
 .text.__copy_rom_section
                0x00012a04       0x44 R:\fehqt\Proteus/EWL/lib/armv7e-m\librt.a(ROMCopy.o)
                0x00012a04                __copy_rom_section
 .text.__copy_rom_sections_to_ram
                0x00012a48       0x34 R:\fehqt\Proteus/EWL/lib/armv7e-m\librt.a(ROMCopy.o)
                0x00012a48                __copy_rom_sections_to_ram
 .text.__destroy_global_chain
                0x00012a7c       0x1c R:\fehqt\Proteus/EWL/lib/armv7e-m\librt.a(__arm_eabi_init.o)
                0x00012a7c                __destroy_global_chain
 .text.__init_registers
                0x00012a98       0x20 R:\fehqt\Proteus/EWL/lib/armv7e-m\librt.a(__arm_eabi_init.o)
                0x00012a98                __init_registers
 .text.__init_user
                0x00012ab8        0x4 R:\fehqt\Proteus/EWL/lib/armv7e-m\librt.a(__arm_eabi_init.o)
                0x00012ab8                __init_user
 *(.rodata)
 .rodata        0x00012abc       0x78 Libraries\FEHIO.o
 .rodata        0x00012b34       0x34 Libraries\FEHLCD.o
 *(.rodata*)
 .rodata._ZL9GPIOPorts
                0x00012b68       0x20 Libraries\FEHIO.o
 .rodata._ZL10ADCNumbers
                0x00012b88       0x24 Libraries\FEHIO.o
 .rodata._ZL14GPIOPinNumbers
                0x00012bac       0x80 Libraries\FEHIO.o
 .rodata._ZL16AnalogPinNumbers
                0x00012c2c       0x84 Libraries\FEHIO.o
 .rodata.str1.1
                0x00012cb0        0x1 R:\fehqt\Proteus/EWL/lib/armv7e-m\libc.a(printformat_.o)
 .rodata.__aeabi_ctype_table_C
                0x00012cb1      0x101 R:\fehqt\Proteus/EWL/lib/armv7e-m\libc.a(ctype_aeabi.o)
                0x00012cb1                __aeabi_ctype_table_C
 *(.glue_7)
 .glue_7        0x00000000        0x0 linker stubs
 *(.glue_7t)
 .glue_7t       0x00000000        0x0 linker stubs
 *(.eh_frame)
 *(.init)
 *(.fini)
                0x00012db4                . = ALIGN (0x4)
 *fill*         0x00012db2        0x2 00
                0x00012db4                _etext = .

.vfp11_veneer   0x00012db4        0x0
 .vfp11_veneer  0x00000000        0x0 linker stubs

.v4_bx          0x00012db4        0x0
 .v4_bx         0x00000000        0x0 linker stubs

.ARM.extab
 *(.ARM.extab* .gnu.linkonce.armextab.*)

.ARM            0x00012db4        0x0
                0x00012db4                __exidx_start = .
 *(.ARM.exidx*)
                0x00012db4                __exidx_end = .

.ctors          0x00012db4        0x0
                0x00012db4                __CTOR_LIST__ = .
 *crtbegin.o(.ctors)
 *(EXCLUDE_FILE(*crtend.o) .ctors)
 *(SORT(.ctors.*))
 *(.ctors)
                0x00012db4                __CTOR_END__ = .

.dtors          0x00012db4        0x0
                0x00012db4                __DTOR_LIST__ = .
 *crtbegin.o(.dtors)
 *(EXCLUDE_FILE(*crtend.o) .dtors)
 *(SORT(.dtors.*))
 *(.dtors)
                0x00012db4                __DTOR_END__ = .

.preinit_array  0x00012db4        0x0
                0x00012db4                PROVIDE (__preinit_array_start, .)
 *(.preinit_array*)
                0x00012db4                PROVIDE (__preinit_array_end, .)

.init_array     0x00012db4       0x1c
                0x00012db4                PROVIDE (__init_array_start, .)
 *(SORT(.init_array.*))
 *(.init_array*)
 .init_array    0x00012db4        0x4 ..\main.o
 .init_array    0x00012db8        0x4 FEHProteus.o
 .init_array    0x00012dbc        0x4 Libraries\FEHBuzzer.o
 .init_array    0x00012dc0        0x4 Libraries\FEHLCD.o
 .init_array    0x00012dc4        0x4 Libraries\FEHAccel.o
 .init_array    0x00012dc8        0x4 Libraries\FEHBattery.o
 .init_array    0x00012dcc        0x4 Libraries\FEHRPS.o
                0x00012dd0                PROVIDE (__init_array_end, .)

.fini_array     0x00012dd0        0x0
                0x00012dd0                PROVIDE (__fini_array_start, .)
 *(SORT(.fini_array.*))
 *(.fini_array*)
                0x00012dd0                PROVIDE (__fini_array_end, .)
                0x00012dd0                ___ROM_AT = .

.data           0x1fff0400     0x48d0 load address 0x00012dd0
                0x1fff0400                . = ALIGN (0x4)
                0x1fff0400                _sdata = .
 *(.data)
 *(.data*)
 .data.image    0x1fff0400     0x303c Libraries\FEHLCD.o
                0x1fff0400                image
 .data.logo     0x1fff343c     0x16b4 Libraries\FEHLCD.o
                0x1fff343c                logo
 .data._ZN6FEHLCD8fontDataE
                0x1fff4af0      0x1e0 Libraries\FEHLCD.o
                0x1fff4af0                FEHLCD::fontData
                0x1fff4cd0                . = ALIGN (0x4)
                0x1fff4cd0                _edata = .
                0x000048d0                ___data_size = (_edata - _sdata)
                0x000176a0                ___m_data2_ROMStart = (___ROM_AT + SIZEOF (.data))

.user_data2     0x20000000        0x0 load address 0x000176a0
                0x20000000                . = ALIGN (0x4)
                0x20000000                ___m_data2_RAMStart = .
 *(.data2)
                0x20000000                ___m_data2_RAMEnd = .
                0x20000000                . = ALIGN (0x4)
                0x00000000                ___m_data2_ROMSize = (___m_data2_RAMEnd - ___m_data2_RAMStart)
                0x20000000                . = ALIGN (0x4)

.bss            0x1fff4cd0      0x198 load address 0x000176a0
                0x1fff4cd0                __START_BSS = .
                0x1fff4cd0                PROVIDE (__bss_start__, __START_BSS)
 *(.bss)
 *(.bss*)
 .bss.buttons   0x1fff4cd0        0x4 ..\main.o
                0x1fff4cd0                buttons
 .bss.CDSCell   0x1fff4cd4        0x4 ..\main.o
                0x1fff4cd4                CDSCell
 .bss.Servo     0x1fff4cd8        0xc ..\main.o
                0x1fff4cd8                Servo
 .bss.Switch1   0x1fff4ce4        0x4 ..\main.o
                0x1fff4ce4                Switch1
 .bss.Switch2   0x1fff4ce8        0x4 ..\main.o
                0x1fff4ce8                Switch2
 .bss.Switch3   0x1fff4cec        0x4 ..\main.o
                0x1fff4cec                Switch3
 .bss.Switch4   0x1fff4cf0        0x4 ..\main.o
                0x1fff4cf0                Switch4
 .bss.rightMotor
                0x1fff4cf4        0x8 ..\main.o
                0x1fff4cf4                rightMotor
 .bss.leftMotor
                0x1fff4cfc        0x8 ..\main.o
                0x1fff4cfc                leftMotor
 .bss._ZL4argv  0x1fff4d04        0x4 Startup\__arm_start.o
 .bss.MasterTransmission
                0x1fff4d08        0x1 Drivers\i2c.o
                0x1fff4d08                MasterTransmission
 .bss.SlaveID   0x1fff4d09        0x1 Drivers\i2c.o
                0x1fff4d09                SlaveID
 *fill*         0x1fff4d0a        0x2 00
 .bss.Propeller
                0x1fff4d0c        0x4 FEHProteus.o
                0x1fff4d0c                Propeller
 .bss.CoreClockKHz
                0x1fff4d10        0x4 FEHProteus.o
                0x1fff4d10                CoreClockKHz
 .bss.CoreClockMHz
                0x1fff4d14        0x4 FEHProteus.o
                0x1fff4d14                CoreClockMHz
 .bss.PeripheralClockKHz
                0x1fff4d18        0x4 FEHProteus.o
                0x1fff4d18                PeripheralClockKHz
 .bss._ZN14AnalogInputPin17Master_Adc_ConfigE
                0x1fff4d1c       0x10 Libraries\FEHIO.o
                0x1fff4d1c                AnalogInputPin::Master_Adc_Config
 .bss._ZN14AnalogInputPin18Encoder_Adc_ConfigE
                0x1fff4d2c       0x10 Libraries\FEHIO.o
                0x1fff4d2c                AnalogInputPin::Encoder_Adc_Config
 .bss.interrupt_counts
                0x1fff4d3c       0x80 Libraries\FEHIO.o
                0x1fff4d3c                interrupt_counts
 .bss._ZN13AnalogEncoder7pinListE
                0x1fff4dbc        0x4 Libraries\FEHIO.o
                0x1fff4dbc                AnalogEncoder::pinList
 .bss.__interrupt_counter
                0x1fff4dc0        0x4 Libraries\FEHIO.o
                0x1fff4dc0                __interrupt_counter
 .bss.Buzzer    0x1fff4dc4        0x4 Libraries\FEHBuzzer.o
                0x1fff4dc4                Buzzer
 .bss.LCD       0x1fff4dc8       0x44 Libraries\FEHLCD.o
                0x1fff4dc8                LCD
 .bss.initialized
                0x1fff4e0c        0x1 Libraries\FEHLCD.o
                0x1fff4e0c                initialized
 *fill*         0x1fff4e0d        0x3 00
 .bss.Accel     0x1fff4e10        0x4 Libraries\FEHAccel.o
                0x1fff4e10                Accel
 .bss.Battery   0x1fff4e14        0x4 Libraries\FEHBattery.o
                0x1fff4e14                Battery
 .bss.XBeeDataProcess
                0x1fff4e18        0x4 Drivers\FEHXBee.o
                0x1fff4e18                XBeeDataProcess
 .bss._xbeebuffer
                0x1fff4e1c       0x10 Drivers\FEHXBee.o
                0x1fff4e1c                _xbeebuffer
 .bss._xbeebufferindex
                0x1fff4e2c        0x1 Drivers\FEHXBee.o
                0x1fff4e2c                _xbeebufferindex
 .bss._xbeestate
                0x1fff4e2d        0x1 Drivers\FEHXBee.o
                0x1fff4e2d                _xbeestate
 .bss._xbeebytereceived
                0x1fff4e2e        0x1 Drivers\FEHXBee.o
                0x1fff4e2e                _xbeebytereceived
 .bss._xbeebyte
                0x1fff4e2f        0x1 Drivers\FEHXBee.o
                0x1fff4e2f                _xbeebyte
 .bss.RPS       0x1fff4e30        0x8 Libraries\FEHRPS.o
                0x1fff4e30                RPS
 .bss._enabled  0x1fff4e38        0x1 Libraries\FEHRPS.o
                0x1fff4e38                _enabled
 *fill*         0x1fff4e39        0x3 00
 .bss._RPS_x    0x1fff4e3c        0x4 Libraries\FEHRPS.o
                0x1fff4e3c                _RPS_x
 .bss._RPS_y    0x1fff4e40        0x4 Libraries\FEHRPS.o
                0x1fff4e40                _RPS_y
 .bss._RPS_heading
                0x1fff4e44        0x4 Libraries\FEHRPS.o
                0x1fff4e44                _RPS_heading
 .bss._RPS_objective
                0x1fff4e48        0x4 Libraries\FEHRPS.o
                0x1fff4e48                _RPS_objective
 .bss._RPS_time
                0x1fff4e4c        0x1 Libraries\FEHRPS.o
                0x1fff4e4c                _RPS_time
 .bss._RPS_stop
                0x1fff4e4d        0x1 Libraries\FEHRPS.o
                0x1fff4e4d                _RPS_stop
 .bss._RPS_foundpacket
                0x1fff4e4e        0x1 Libraries\FEHRPS.o
                0x1fff4e4e                _RPS_foundpacket
 *fill*         0x1fff4e4f        0x1 00
 .bss.__stdio_exit
                0x1fff4e50        0x4 R:\fehqt\Proteus/EWL/lib/armv7e-m\libc.a(exit.o)
                0x1fff4e50                __stdio_exit
 .bss.__console_exit
                0x1fff4e54        0x4 R:\fehqt\Proteus/EWL/lib/armv7e-m\libc.a(exit.o)
                0x1fff4e54                __console_exit
 .bss.__S_romp  0x1fff4e58        0xc R:\fehqt\Proteus/EWL/lib/armv7e-m\librt.a(ROMCopy.o)
 .bss.__global_destructor_chain
                0x1fff4e64        0x4 R:\fehqt\Proteus/EWL/lib/armv7e-m\librt.a(__arm_eabi_init.o)
                0x1fff4e64                __global_destructor_chain
 *(COMMON)
                0x1fff4e68                . = ALIGN (0x4)
                0x1fff4e68                __END_BSS = .
                0x1fff4e68                PROVIDE (__bss_end__, __END_BSS)

._user_heap_stack
                0x1fff4e68     0x1000 load address 0x00017838
                0x1fff4e68                . = ALIGN (0x4)
                0x1fff4e68                PROVIDE (end, .)
                0x1fff4e68                PROVIDE (_end, .)
                0x1fff4e68                __heap_addr = .
                0x1fff5668                . = (. + __heap_size)
 *fill*         0x1fff4e68      0x800 00
                0x1fff5e68                . = (. + __stack_size)
 *fill*         0x1fff5668      0x800 00
                0x1fff5e68                . = ALIGN (0x4)
                0x000176a0                _romp_at = ((___ROM_AT + SIZEOF (.data)) + SIZEOF (.user_data2))

.romp           0x20000000       0x24 load address 0x000176a0
                0x000176a0                __S_romp = _romp_at
                0x20000000        0x4 LONG 0x12dd0 ___ROM_AT
                0x20000004        0x4 LONG 0x1fff0400 _sdata
                0x20000008        0x4 LONG 0x48d0 ___data_size
                0x2000000c        0x4 LONG 0x176a0 ___m_data2_ROMStart
                0x20000010        0x4 LONG 0x20000000 ___m_data2_RAMStart
                0x20000014        0x4 LONG 0x0 ___m_data2_ROMSize
                0x20000018        0x4 LONG 0x0
                0x2000001c        0x4 LONG 0x0
                0x20000020        0x4 LONG 0x0

.ARM.attributes
                0x00000000       0x33
 *(.ARM.attributes)
 .ARM.attributes
                0x00000000       0x33 ..\main.o
 .ARM.attributes
                0x00000033       0x33 Startup\__arm_start.o
 .ARM.attributes
                0x00000066       0x33 Startup\__arm_end.o
 .ARM.attributes
                0x00000099       0x33 Startup\kinetis_sysinit.o
 .ARM.attributes
                0x000000cc       0x33 Libraries\FEHMotor.o
 .ARM.attributes
                0x000000ff       0x33 Drivers\i2c.o
 .ARM.attributes
                0x00000132       0x33 Drivers\spi.o
 .ARM.attributes
                0x00000165       0x33 Drivers\uart.o
 .ARM.attributes
                0x00000198       0x33 Drivers\lptmr.o
 .ARM.attributes
                0x000001cb       0x33 FEHProteus.o
 .ARM.attributes
                0x000001fe       0x33 Drivers\FEHPropeller.o
 .ARM.attributes
                0x00000231       0x33 Libraries\FEHUtility.o
 .ARM.attributes
                0x00000264       0x33 Libraries\FEHIO.o
 .ARM.attributes
                0x00000297       0x33 Drivers\adc16.o
 .ARM.attributes
                0x000002ca       0x33 Libraries\FEHBuzzer.o
 .ARM.attributes
                0x000002fd       0x33 Libraries\FEHServo.o
 .ARM.attributes
                0x00000330       0x33 Libraries\FEHLCD.o
 .ARM.attributes
                0x00000363       0x33 Libraries\FEHAccel.o
 .ARM.attributes
                0x00000396       0x33 Libraries\FEHBattery.o
 .ARM.attributes
                0x000003c9       0x33 Drivers\FEHXBee.o
 .ARM.attributes
                0x000003fc       0x33 Libraries\FEHRPS.o
 .ARM.attributes
                0x0000042f       0x33 R:\fehqt\Proteus/EWL/lib/armv7e-m\libc.a(exit.o)
 .ARM.attributes
                0x00000462       0x33 R:\fehqt\Proteus/EWL/lib/armv7e-m\libc.a(memset.o)
 .ARM.attributes
                0x00000495       0x33 R:\fehqt\Proteus/EWL/lib/armv7e-m\libc.a(strlen.o)
 .ARM.attributes
                0x000004c8       0x33 R:\fehqt\Proteus/EWL/lib/armv7e-m\libc.a(printformat_.o)
 .ARM.attributes
                0x000004fb       0x33 R:\fehqt\Proteus/EWL/lib/armv7e-m\libc.a(scanformat_.o)
 .ARM.attributes
                0x0000052e       0x33 R:\fehqt\Proteus/EWL/lib/armv7e-m\libc.a(ctype_aeabi.o)
 .ARM.attributes
                0x00000561       0x33 R:\fehqt\Proteus/EWL/lib/armv7e-m\libc.a(__strtoul.o)
 .ARM.attributes
                0x00000594       0x33 R:\fehqt\Proteus/EWL/lib/armv7e-m\libc.a(__filll_mem.o)
 .ARM.attributes
                0x000005c7       0x33 R:\fehqt\Proteus/EWL/lib/armv7e-m\libc.a(memchr.o)
 .ARM.attributes
                0x000005fa       0x33 R:\fehqt\Proteus/EWL/lib/armv7e-m\libc.a(strchr.o)
 .ARM.attributes
                0x0000062d       0x1e r:/fehqt/proteus/gcc/bin/../lib/gcc/arm-none-eabi/4.6.2/armv7e-m\libgcc.a(_arm_addsubdf3.o)
 .ARM.attributes
                0x0000064b       0x1e r:/fehqt/proteus/gcc/bin/../lib/gcc/arm-none-eabi/4.6.2/armv7e-m\libgcc.a(_arm_muldivdf3.o)
 .ARM.attributes
                0x00000669       0x1e r:/fehqt/proteus/gcc/bin/../lib/gcc/arm-none-eabi/4.6.2/armv7e-m\libgcc.a(_arm_fixdfsi.o)
 .ARM.attributes
                0x00000687       0x1e r:/fehqt/proteus/gcc/bin/../lib/gcc/arm-none-eabi/4.6.2/armv7e-m\libgcc.a(_arm_fixunsdfsi.o)
 .ARM.attributes
                0x000006a5       0x1e r:/fehqt/proteus/gcc/bin/../lib/gcc/arm-none-eabi/4.6.2/armv7e-m\libgcc.a(_arm_truncdfsf2.o)
 .ARM.attributes
                0x000006c3       0x1e r:/fehqt/proteus/gcc/bin/../lib/gcc/arm-none-eabi/4.6.2/armv7e-m\libgcc.a(_arm_addsubsf3.o)
 .ARM.attributes
                0x000006e1       0x1e r:/fehqt/proteus/gcc/bin/../lib/gcc/arm-none-eabi/4.6.2/armv7e-m\libgcc.a(_arm_muldivsf3.o)
 .ARM.attributes
                0x000006ff       0x1e r:/fehqt/proteus/gcc/bin/../lib/gcc/arm-none-eabi/4.6.2/armv7e-m\libgcc.a(_arm_cmpsf2.o)
 .ARM.attributes
                0x0000071d       0x33 R:\fehqt\Proteus/EWL/lib/armv7e-m\librt.a(gcc_ctor_dtor.o)
 .ARM.attributes
                0x00000750       0x33 R:\fehqt\Proteus/EWL/lib/armv7e-m\librt.a(ROMCopy.o)
 .ARM.attributes
                0x00000783       0x33 R:\fehqt\Proteus/EWL/lib/armv7e-m\librt.a(__arm_eabi_init.o)
OUTPUT(../Exploration1.elf elf32-littlearm)

.debug_info     0x00000000     0xf33c
 .debug_info    0x00000000      0x7b4 ..\main.o
 .debug_info    0x000007b4     0x12c5 Startup\__arm_start.o
 .debug_info    0x00001a79       0x58 Startup\__arm_end.o
 .debug_info    0x00001ad1      0x4b3 Startup\kinetis_sysinit.o
 .debug_info    0x00001f84      0x335 Libraries\FEHMotor.o
 .debug_info    0x000022b9      0x250 Drivers\i2c.o
 .debug_info    0x00002509      0x6cf Drivers\spi.o
 .debug_info    0x00002bd8      0x59c Drivers\uart.o
 .debug_info    0x00003174      0x2de Drivers\lptmr.o
 .debug_info    0x00003452      0x1a7 FEHProteus.o
 .debug_info    0x000035f9      0x722 Drivers\FEHPropeller.o
 .debug_info    0x00003d1b      0x36c Libraries\FEHUtility.o
 .debug_info    0x00004087     0x1c6a Libraries\FEHIO.o
 .debug_info    0x00005cf1      0x4ab Drivers\adc16.o
 .debug_info    0x0000619c      0xa42 Libraries\FEHBuzzer.o
 .debug_info    0x00006bde     0x1500 Libraries\FEHServo.o
 .debug_info    0x000080de     0x2c21 Libraries\FEHLCD.o
 .debug_info    0x0000acff      0x26a Libraries\FEHAccel.o
 .debug_info    0x0000af69      0x3a9 Libraries\FEHBattery.o
 .debug_info    0x0000b312      0xac3 Drivers\FEHXBee.o
 .debug_info    0x0000bdd5     0x1946 Libraries\FEHRPS.o
 .debug_info    0x0000d71b      0x103 R:\fehqt\Proteus/EWL/lib/armv7e-m\libc.a(exit.o)
 .debug_info    0x0000d81e       0xf4 R:\fehqt\Proteus/EWL/lib/armv7e-m\libc.a(memset.o)
 .debug_info    0x0000d912       0xf3 R:\fehqt\Proteus/EWL/lib/armv7e-m\libc.a(strlen.o)
 .debug_info    0x0000da05      0x512 R:\fehqt\Proteus/EWL/lib/armv7e-m\libc.a(printformat_.o)
 .debug_info    0x0000df17      0x564 R:\fehqt\Proteus/EWL/lib/armv7e-m\libc.a(scanformat_.o)
 .debug_info    0x0000e47b      0x32a R:\fehqt\Proteus/EWL/lib/armv7e-m\libc.a(ctype_aeabi.o)
 .debug_info    0x0000e7a5      0x1d7 R:\fehqt\Proteus/EWL/lib/armv7e-m\libc.a(__strtoul.o)
 .debug_info    0x0000e97c      0x13d R:\fehqt\Proteus/EWL/lib/armv7e-m\libc.a(__filll_mem.o)
 .debug_info    0x0000eab9      0x129 R:\fehqt\Proteus/EWL/lib/armv7e-m\libc.a(memchr.o)
 .debug_info    0x0000ebe2      0x110 R:\fehqt\Proteus/EWL/lib/armv7e-m\libc.a(strchr.o)
 .debug_info    0x0000ecf2      0x1c0 R:\fehqt\Proteus/EWL/lib/armv7e-m\librt.a(gcc_ctor_dtor.o)
 .debug_info    0x0000eeb2      0x1b8 R:\fehqt\Proteus/EWL/lib/armv7e-m\librt.a(ROMCopy.o)
 .debug_info    0x0000f06a      0x2d2 R:\fehqt\Proteus/EWL/lib/armv7e-m\librt.a(__arm_eabi_init.o)

.debug_abbrev   0x00000000     0x32f2
 .debug_abbrev  0x00000000      0x1e3 ..\main.o
 .debug_abbrev  0x000001e3      0x28f Startup\__arm_start.o
 .debug_abbrev  0x00000472       0x45 Startup\__arm_end.o
 .debug_abbrev  0x000004b7      0x107 Startup\kinetis_sysinit.o
 .debug_abbrev  0x000005be      0x18c Libraries\FEHMotor.o
 .debug_abbrev  0x0000074a       0xfc Drivers\i2c.o
 .debug_abbrev  0x00000846      0x18b Drivers\spi.o
 .debug_abbrev  0x000009d1      0x15f Drivers\uart.o
 .debug_abbrev  0x00000b30       0xd2 Drivers\lptmr.o
 .debug_abbrev  0x00000c02      0x101 FEHProteus.o
 .debug_abbrev  0x00000d03      0x1c6 Drivers\FEHPropeller.o
 .debug_abbrev  0x00000ec9      0x154 Libraries\FEHUtility.o
 .debug_abbrev  0x0000101d      0x448 Libraries\FEHIO.o
 .debug_abbrev  0x00001465      0x12a Drivers\adc16.o
 .debug_abbrev  0x0000158f      0x1da Libraries\FEHBuzzer.o
 .debug_abbrev  0x00001769      0x312 Libraries\FEHServo.o
 .debug_abbrev  0x00001a7b      0x38c Libraries\FEHLCD.o
 .debug_abbrev  0x00001e07      0x13b Libraries\FEHAccel.o
 .debug_abbrev  0x00001f42      0x1cb Libraries\FEHBattery.o
 .debug_abbrev  0x0000210d      0x231 Drivers\FEHXBee.o
 .debug_abbrev  0x0000233e      0x364 Libraries\FEHRPS.o
 .debug_abbrev  0x000026a2       0x8f R:\fehqt\Proteus/EWL/lib/armv7e-m\libc.a(exit.o)
 .debug_abbrev  0x00002731       0x66 R:\fehqt\Proteus/EWL/lib/armv7e-m\libc.a(memset.o)
 .debug_abbrev  0x00002797       0x7e R:\fehqt\Proteus/EWL/lib/armv7e-m\libc.a(strlen.o)
 .debug_abbrev  0x00002815      0x204 R:\fehqt\Proteus/EWL/lib/armv7e-m\libc.a(printformat_.o)
 .debug_abbrev  0x00002a19      0x1fb R:\fehqt\Proteus/EWL/lib/armv7e-m\libc.a(scanformat_.o)
 .debug_abbrev  0x00002c14       0x9a R:\fehqt\Proteus/EWL/lib/armv7e-m\libc.a(ctype_aeabi.o)
 .debug_abbrev  0x00002cae       0xc6 R:\fehqt\Proteus/EWL/lib/armv7e-m\libc.a(__strtoul.o)
 .debug_abbrev  0x00002d74       0x8b R:\fehqt\Proteus/EWL/lib/armv7e-m\libc.a(__filll_mem.o)
 .debug_abbrev  0x00002dff       0x99 R:\fehqt\Proteus/EWL/lib/armv7e-m\libc.a(memchr.o)
 .debug_abbrev  0x00002e98       0x8d R:\fehqt\Proteus/EWL/lib/armv7e-m\libc.a(strchr.o)
 .debug_abbrev  0x00002f25       0x9d R:\fehqt\Proteus/EWL/lib/armv7e-m\librt.a(gcc_ctor_dtor.o)
 .debug_abbrev  0x00002fc2      0x160 R:\fehqt\Proteus/EWL/lib/armv7e-m\librt.a(ROMCopy.o)
 .debug_abbrev  0x00003122      0x1d0 R:\fehqt\Proteus/EWL/lib/armv7e-m\librt.a(__arm_eabi_init.o)

.debug_loc      0x00000000     0x5470
 .debug_loc     0x00000000       0x90 ..\main.o
 .debug_loc     0x00000090       0xb0 Startup\__arm_start.o
 .debug_loc     0x00000140       0x38 Startup\__arm_end.o
 .debug_loc     0x00000178       0x84 Startup\kinetis_sysinit.o
 .debug_loc     0x000001fc       0xe0 Libraries\FEHMotor.o
 .debug_loc     0x000002dc       0xe0 Drivers\i2c.o
 .debug_loc     0x000003bc      0x19c Drivers\spi.o
 .debug_loc     0x00000558       0xe0 Drivers\uart.o
 .debug_loc     0x00000638       0x38 Drivers\lptmr.o
 .debug_loc     0x00000670       0x64 FEHProteus.o
 .debug_loc     0x000006d4      0x118 Drivers\FEHPropeller.o
 .debug_loc     0x000007ec      0x1a8 Libraries\FEHUtility.o
 .debug_loc     0x00000994      0x8d6 Libraries\FEHIO.o
 .debug_loc     0x0000126a       0xa8 Drivers\adc16.o
 .debug_loc     0x00001312      0x304 Libraries\FEHBuzzer.o
 .debug_loc     0x00001616      0x1fa Libraries\FEHServo.o
 .debug_loc     0x00001810     0x1147 Libraries\FEHLCD.o
 .debug_loc     0x00002957      0x144 Libraries\FEHAccel.o
 .debug_loc     0x00002a9b       0xd4 Libraries\FEHBattery.o
 .debug_loc     0x00002b6f      0x1c0 Drivers\FEHXBee.o
 .debug_loc     0x00002d2f      0x420 Libraries\FEHRPS.o
 .debug_loc     0x0000314f       0x3e R:\fehqt\Proteus/EWL/lib/armv7e-m\libc.a(exit.o)
 .debug_loc     0x0000318d       0x64 R:\fehqt\Proteus/EWL/lib/armv7e-m\libc.a(memset.o)
 .debug_loc     0x000031f1       0x31 R:\fehqt\Proteus/EWL/lib/armv7e-m\libc.a(strlen.o)
 .debug_loc     0x00003222     0x106f R:\fehqt\Proteus/EWL/lib/armv7e-m\libc.a(printformat_.o)
 .debug_loc     0x00004291      0x8cb R:\fehqt\Proteus/EWL/lib/armv7e-m\libc.a(scanformat_.o)
 .debug_loc     0x00004b5c      0x18e R:\fehqt\Proteus/EWL/lib/armv7e-m\libc.a(ctype_aeabi.o)
 .debug_loc     0x00004cea      0x2ad R:\fehqt\Proteus/EWL/lib/armv7e-m\libc.a(__strtoul.o)
 .debug_loc     0x00004f97      0x12c R:\fehqt\Proteus/EWL/lib/armv7e-m\libc.a(__filll_mem.o)
 .debug_loc     0x000050c3       0x82 R:\fehqt\Proteus/EWL/lib/armv7e-m\libc.a(memchr.o)
 .debug_loc     0x00005145       0x78 R:\fehqt\Proteus/EWL/lib/armv7e-m\libc.a(strchr.o)
 .debug_loc     0x000051bd       0xbe R:\fehqt\Proteus/EWL/lib/armv7e-m\librt.a(gcc_ctor_dtor.o)
 .debug_loc     0x0000527b       0x9b R:\fehqt\Proteus/EWL/lib/armv7e-m\librt.a(ROMCopy.o)
 .debug_loc     0x00005316      0x15a R:\fehqt\Proteus/EWL/lib/armv7e-m\librt.a(__arm_eabi_init.o)

.debug_aranges  0x00000000      0xb98
 .debug_aranges
                0x00000000       0x30 ..\main.o
 .debug_aranges
                0x00000030       0x48 Startup\__arm_start.o
 .debug_aranges
                0x00000078       0x20 Startup\__arm_end.o
 .debug_aranges
                0x00000098       0x30 Startup\kinetis_sysinit.o
 .debug_aranges
                0x000000c8       0x38 Libraries\FEHMotor.o
 .debug_aranges
                0x00000100       0x38 Drivers\i2c.o
 .debug_aranges
                0x00000138       0x58 Drivers\spi.o
 .debug_aranges
                0x00000190       0x38 Drivers\uart.o
 .debug_aranges
                0x000001c8       0x20 Drivers\lptmr.o
 .debug_aranges
                0x000001e8       0x28 FEHProteus.o
 .debug_aranges
                0x00000210       0x40 Drivers\FEHPropeller.o
 .debug_aranges
                0x00000250       0x58 Libraries\FEHUtility.o
 .debug_aranges
                0x000002a8      0x160 Libraries\FEHIO.o
 .debug_aranges
                0x00000408       0x30 Drivers\adc16.o
 .debug_aranges
                0x00000438       0x88 Libraries\FEHBuzzer.o
 .debug_aranges
                0x000004c0       0x60 Libraries\FEHServo.o
 .debug_aranges
                0x00000520      0x290 Libraries\FEHLCD.o
 .debug_aranges
                0x000007b0       0x48 Libraries\FEHAccel.o
 .debug_aranges
                0x000007f8       0x38 Libraries\FEHBattery.o
 .debug_aranges
                0x00000830       0x58 Drivers\FEHXBee.o
 .debug_aranges
                0x00000888       0xb0 Libraries\FEHRPS.o
 .debug_aranges
                0x00000938       0x20 R:\fehqt\Proteus/EWL/lib/armv7e-m\libc.a(exit.o)
 .debug_aranges
                0x00000958       0x20 R:\fehqt\Proteus/EWL/lib/armv7e-m\libc.a(memset.o)
 .debug_aranges
                0x00000978       0x20 R:\fehqt\Proteus/EWL/lib/armv7e-m\libc.a(strlen.o)
 .debug_aranges
                0x00000998       0x28 R:\fehqt\Proteus/EWL/lib/armv7e-m\libc.a(printformat_.o)
 .debug_aranges
                0x000009c0       0x20 R:\fehqt\Proteus/EWL/lib/armv7e-m\libc.a(scanformat_.o)
 .debug_aranges
                0x000009e0       0x88 R:\fehqt\Proteus/EWL/lib/armv7e-m\libc.a(ctype_aeabi.o)
 .debug_aranges
                0x00000a68       0x20 R:\fehqt\Proteus/EWL/lib/armv7e-m\libc.a(__strtoul.o)
 .debug_aranges
                0x00000a88       0x20 R:\fehqt\Proteus/EWL/lib/armv7e-m\libc.a(__filll_mem.o)
 .debug_aranges
                0x00000aa8       0x20 R:\fehqt\Proteus/EWL/lib/armv7e-m\libc.a(memchr.o)
 .debug_aranges
                0x00000ac8       0x20 R:\fehqt\Proteus/EWL/lib/armv7e-m\libc.a(strchr.o)
 .debug_aranges
                0x00000ae8       0x28 R:\fehqt\Proteus/EWL/lib/armv7e-m\librt.a(gcc_ctor_dtor.o)
 .debug_aranges
                0x00000b10       0x30 R:\fehqt\Proteus/EWL/lib/armv7e-m\librt.a(ROMCopy.o)
 .debug_aranges
                0x00000b40       0x58 R:\fehqt\Proteus/EWL/lib/armv7e-m\librt.a(__arm_eabi_init.o)

.debug_line     0x00000000     0x5cf4
 .debug_line    0x00000000      0x35e ..\main.o
 .debug_line    0x0000035e      0x3ad Startup\__arm_start.o
 .debug_line    0x0000070b      0x21a Startup\__arm_end.o
 .debug_line    0x00000925      0x1e7 Startup\kinetis_sysinit.o
 .debug_line    0x00000b0c      0x237 Libraries\FEHMotor.o
 .debug_line    0x00000d43      0x2ad Drivers\i2c.o
 .debug_line    0x00000ff0      0x295 Drivers\spi.o
 .debug_line    0x00001285      0x212 Drivers\uart.o
 .debug_line    0x00001497      0x1c0 Drivers\lptmr.o
 .debug_line    0x00001657      0x1da FEHProteus.o
 .debug_line    0x00001831      0x264 Drivers\FEHPropeller.o
 .debug_line    0x00001a95      0x282 Libraries\FEHUtility.o
 .debug_line    0x00001d17      0x6ee Libraries\FEHIO.o
 .debug_line    0x00002405      0x20f Drivers\adc16.o
 .debug_line    0x00002614      0x2df Libraries\FEHBuzzer.o
 .debug_line    0x000028f3      0x545 Libraries\FEHServo.o
 .debug_line    0x00002e38     0x1151 Libraries\FEHLCD.o
 .debug_line    0x00003f89      0x23f Libraries\FEHAccel.o
 .debug_line    0x000041c8      0x218 Libraries\FEHBattery.o
 .debug_line    0x000043e0      0x349 Drivers\FEHXBee.o
 .debug_line    0x00004729      0x6a3 Libraries\FEHRPS.o
 .debug_line    0x00004dcc       0x94 R:\fehqt\Proteus/EWL/lib/armv7e-m\libc.a(exit.o)
 .debug_line    0x00004e60       0x8f R:\fehqt\Proteus/EWL/lib/armv7e-m\libc.a(memset.o)
 .debug_line    0x00004eef       0x89 R:\fehqt\Proteus/EWL/lib/armv7e-m\libc.a(strlen.o)
 .debug_line    0x00004f78      0x2c6 R:\fehqt\Proteus/EWL/lib/armv7e-m\libc.a(printformat_.o)
 .debug_line    0x0000523e      0x2e3 R:\fehqt\Proteus/EWL/lib/armv7e-m\libc.a(scanformat_.o)
 .debug_line    0x00005521      0x1dd R:\fehqt\Proteus/EWL/lib/armv7e-m\libc.a(ctype_aeabi.o)
 .debug_line    0x000056fe      0x141 R:\fehqt\Proteus/EWL/lib/armv7e-m\libc.a(__strtoul.o)
 .debug_line    0x0000583f      0x121 R:\fehqt\Proteus/EWL/lib/armv7e-m\libc.a(__filll_mem.o)
 .debug_line    0x00005960       0xa3 R:\fehqt\Proteus/EWL/lib/armv7e-m\libc.a(memchr.o)
 .debug_line    0x00005a03       0x84 R:\fehqt\Proteus/EWL/lib/armv7e-m\libc.a(strchr.o)
 .debug_line    0x00005a87       0x94 R:\fehqt\Proteus/EWL/lib/armv7e-m\librt.a(gcc_ctor_dtor.o)
 .debug_line    0x00005b1b       0xc0 R:\fehqt\Proteus/EWL/lib/armv7e-m\librt.a(ROMCopy.o)
 .debug_line    0x00005bdb      0x119 R:\fehqt\Proteus/EWL/lib/armv7e-m\librt.a(__arm_eabi_init.o)

.debug_macinfo  0x00000000   0x7c962c
 .debug_macinfo
                0x00000000    0x643d0 ..\main.o
 .debug_macinfo
                0x000643d0    0x647fb Startup\__arm_start.o
 .debug_macinfo
                0x000c8bcb     0x3464 Startup\__arm_end.o
 .debug_macinfo
                0x000cc02f    0x63036 Startup\kinetis_sysinit.o
 .debug_macinfo
                0x0012f065    0x6305c Libraries\FEHMotor.o
 .debug_macinfo
                0x001920c1    0x6318f Drivers\i2c.o
 .debug_macinfo
                0x001f5250    0x62fd6 Drivers\spi.o
 .debug_macinfo
                0x00258226    0x62fc7 Drivers\uart.o
 .debug_macinfo
                0x002bb1ed    0x63036 Drivers\lptmr.o
 .debug_macinfo
                0x0031e223    0x62fdc FEHProteus.o
 .debug_macinfo
                0x003811ff    0x63085 Drivers\FEHPropeller.o
 .debug_macinfo
                0x003e4284    0x62ff1 Libraries\FEHUtility.o
 .debug_macinfo
                0x00447275    0x64348 Libraries\FEHIO.o
 .debug_macinfo
                0x004ab5bd    0x63678 Drivers\adc16.o
 .debug_macinfo
                0x0050ec35    0x6301e Libraries\FEHBuzzer.o
 .debug_macinfo
                0x00571c53    0x64476 Libraries\FEHServo.o
 .debug_macinfo
                0x005d60c9    0x649ab Libraries\FEHLCD.o
 .debug_macinfo
                0x0063aa74    0x631be Libraries\FEHAccel.o
 .debug_macinfo
                0x0069dc32    0x636a3 Libraries\FEHBattery.o
 .debug_macinfo
                0x007012d5    0x63d5d Drivers\FEHXBee.o
 .debug_macinfo
                0x00765032    0x645fa Libraries\FEHRPS.o

.debug_str      0x00000000     0x3ece
 .debug_str     0x00000000      0x728 ..\main.o
                                0x796 (size before relaxing)
 .debug_str     0x00000728      0xd19 Startup\__arm_start.o
                                0xe4d (size before relaxing)
 .debug_str     0x00001441       0x2a Startup\__arm_end.o
                                 0xa1 (size before relaxing)
 .debug_str     0x0000146b      0x154 Startup\kinetis_sysinit.o
                                0x2b6 (size before relaxing)
 .debug_str     0x000015bf       0x2f Libraries\FEHMotor.o
                                0x2bf (size before relaxing)
 .debug_str     0x000015ee      0x11a Drivers\i2c.o
                                0x1e8 (size before relaxing)
 .debug_str     0x00001708      0x190 Drivers\spi.o
                                0x3a1 (size before relaxing)
 .debug_str     0x00001898      0x188 Drivers\uart.o
                                0x336 (size before relaxing)
 .debug_str     0x00001a20       0x61 Drivers\lptmr.o
                                0x1ef (size before relaxing)
 .debug_str     0x00001a81       0x28 FEHProteus.o
                                0x23b (size before relaxing)
 .debug_str     0x00001aa9       0x25 Drivers\FEHPropeller.o
                                0x37c (size before relaxing)
 .debug_str     0x00001ace       0xc0 Libraries\FEHUtility.o
                                0x1c0 (size before relaxing)
 .debug_str     0x00001b8e      0xc90 Libraries\FEHIO.o
                               0x1291 (size before relaxing)
 .debug_str     0x0000281e       0xd7 Drivers\adc16.o
                                0x280 (size before relaxing)
 .debug_str     0x000028f5      0x1ba Libraries\FEHBuzzer.o
                                0x392 (size before relaxing)
 .debug_str     0x00002aaf      0x24c Libraries\FEHServo.o
                               0x10f2 (size before relaxing)
 .debug_str     0x00002cfb      0x2bb Libraries\FEHLCD.o
                               0x10da (size before relaxing)
 .debug_str     0x00002fb6       0x68 Libraries\FEHAccel.o
                                0x184 (size before relaxing)
 .debug_str     0x0000301e       0x5d Libraries\FEHBattery.o
                                0x345 (size before relaxing)
 .debug_str     0x0000307b      0x1f6 Drivers\FEHXBee.o
                                0x52b (size before relaxing)
 .debug_str     0x00003271      0x3a9 Libraries\FEHRPS.o
                               0x14b9 (size before relaxing)
 .debug_str     0x0000361a       0xbd R:\fehqt\Proteus/EWL/lib/armv7e-m\libc.a(exit.o)
                                0x14e (size before relaxing)
 .debug_str     0x000036d7       0x1c R:\fehqt\Proteus/EWL/lib/armv7e-m\libc.a(memset.o)
                                0x140 (size before relaxing)
 .debug_str     0x000036f3       0x24 R:\fehqt\Proteus/EWL/lib/armv7e-m\libc.a(strlen.o)
                                0x140 (size before relaxing)
 .debug_str     0x00003717      0x22e R:\fehqt\Proteus/EWL/lib/armv7e-m\libc.a(printformat_.o)
                                0x3aa (size before relaxing)
 .debug_str     0x00003945      0x17b R:\fehqt\Proteus/EWL/lib/armv7e-m\libc.a(scanformat_.o)
                                0x3f0 (size before relaxing)
 .debug_str     0x00003ac0       0x9d R:\fehqt\Proteus/EWL/lib/armv7e-m\libc.a(ctype_aeabi.o)
                                0x1b3 (size before relaxing)
 .debug_str     0x00003b5d       0x5b R:\fehqt\Proteus/EWL/lib/armv7e-m\libc.a(__strtoul.o)
                                0x1f2 (size before relaxing)
 .debug_str     0x00003bb8       0x25 R:\fehqt\Proteus/EWL/lib/armv7e-m\libc.a(__filll_mem.o)
                                0x152 (size before relaxing)
 .debug_str     0x00003bdd       0x1c R:\fehqt\Proteus/EWL/lib/armv7e-m\libc.a(memchr.o)
                                0x148 (size before relaxing)
 .debug_str     0x00003bf9       0x1c R:\fehqt\Proteus/EWL/lib/armv7e-m\libc.a(strchr.o)
                                0x137 (size before relaxing)
 .debug_str     0x00003c15      0x126 R:\fehqt\Proteus/EWL/lib/armv7e-m\librt.a(gcc_ctor_dtor.o)
                                0x185 (size before relaxing)
 .debug_str     0x00003d3b       0x9b R:\fehqt\Proteus/EWL/lib/armv7e-m\librt.a(ROMCopy.o)
                                0x140 (size before relaxing)
 .debug_str     0x00003dd6       0xf8 R:\fehqt\Proteus/EWL/lib/armv7e-m\librt.a(__arm_eabi_init.o)
                                0x1ac (size before relaxing)

.comment        0x00000000       0x79
 .comment       0x00000000       0x79 ..\main.o
                                 0x7a (size before relaxing)
 .comment       0x00000000       0x7a Startup\__arm_start.o
 .comment       0x00000000       0x7a Startup\__arm_end.o
 .comment       0x00000000       0x7a Startup\kinetis_sysinit.o
 .comment       0x00000000       0x7a Libraries\FEHMotor.o
 .comment       0x00000000       0x7a Drivers\i2c.o
 .comment       0x00000000       0x7a Drivers\spi.o
 .comment       0x00000000       0x7a Drivers\uart.o
 .comment       0x00000000       0x7a Drivers\lptmr.o
 .comment       0x00000000       0x7a FEHProteus.o
 .comment       0x00000000       0x7a Drivers\FEHPropeller.o
 .comment       0x00000000       0x7a Libraries\FEHUtility.o
 .comment       0x00000000       0x7a Libraries\FEHIO.o
 .comment       0x00000000       0x7a Drivers\adc16.o
 .comment       0x00000000       0x7a Libraries\FEHBuzzer.o
 .comment       0x00000000       0x7a Libraries\FEHServo.o
 .comment       0x00000000       0x7a Libraries\FEHLCD.o
 .comment       0x00000000       0x7a Libraries\FEHAccel.o
 .comment       0x00000000       0x7a Libraries\FEHBattery.o
 .comment       0x00000000       0x7a Drivers\FEHXBee.o
 .comment       0x00000000       0x7a Libraries\FEHRPS.o
 .comment       0x00000000       0x7a R:\fehqt\Proteus/EWL/lib/armv7e-m\libc.a(exit.o)
 .comment       0x00000000       0x7a R:\fehqt\Proteus/EWL/lib/armv7e-m\libc.a(memset.o)
 .comment       0x00000000       0x7a R:\fehqt\Proteus/EWL/lib/armv7e-m\libc.a(strlen.o)
 .comment       0x00000000       0x7a R:\fehqt\Proteus/EWL/lib/armv7e-m\libc.a(printformat_.o)
 .comment       0x00000000       0x7a R:\fehqt\Proteus/EWL/lib/armv7e-m\libc.a(scanformat_.o)
 .comment       0x00000000       0x7a R:\fehqt\Proteus/EWL/lib/armv7e-m\libc.a(ctype_aeabi.o)
 .comment       0x00000000       0x7a R:\fehqt\Proteus/EWL/lib/armv7e-m\libc.a(__strtoul.o)
 .comment       0x00000000       0x7a R:\fehqt\Proteus/EWL/lib/armv7e-m\libc.a(__filll_mem.o)
 .comment       0x00000000       0x7a R:\fehqt\Proteus/EWL/lib/armv7e-m\libc.a(memchr.o)
 .comment       0x00000000       0x7a R:\fehqt\Proteus/EWL/lib/armv7e-m\libc.a(strchr.o)
 .comment       0x00000000       0x7a R:\fehqt\Proteus/EWL/lib/armv7e-m\librt.a(gcc_ctor_dtor.o)
 .comment       0x00000000       0x7a R:\fehqt\Proteus/EWL/lib/armv7e-m\librt.a(ROMCopy.o)
 .comment       0x00000000       0x7a R:\fehqt\Proteus/EWL/lib/armv7e-m\librt.a(__arm_eabi_init.o)

.debug_frame    0x00000000     0x20c8
 .debug_frame   0x00000000       0x68 ..\main.o
 .debug_frame   0x00000068       0x98 Startup\__arm_start.o
 .debug_frame   0x00000100       0x2c Startup\__arm_end.o
 .debug_frame   0x0000012c       0x58 Startup\kinetis_sysinit.o
 .debug_frame   0x00000184       0x94 Libraries\FEHMotor.o
 .debug_frame   0x00000218       0x88 Drivers\i2c.o
 .debug_frame   0x000002a0       0xf8 Drivers\spi.o
 .debug_frame   0x00000398       0x84 Drivers\uart.o
 .debug_frame   0x0000041c       0x2c Drivers\lptmr.o
 .debug_frame   0x00000448       0x4c FEHProteus.o
 .debug_frame   0x00000494       0xa8 Drivers\FEHPropeller.o
 .debug_frame   0x0000053c       0xf8 Libraries\FEHUtility.o
 .debug_frame   0x00000634      0x4e8 Libraries\FEHIO.o
 .debug_frame   0x00000b1c       0x64 Drivers\adc16.o
 .debug_frame   0x00000b80      0x1c8 Libraries\FEHBuzzer.o
 .debug_frame   0x00000d48      0x12c Libraries\FEHServo.o
 .debug_frame   0x00000e74      0x9c0 Libraries\FEHLCD.o
 .debug_frame   0x00001834       0xd8 Libraries\FEHAccel.o
 .debug_frame   0x0000190c       0x8c Libraries\FEHBattery.o
 .debug_frame   0x00001998       0xfc Drivers\FEHXBee.o
 .debug_frame   0x00001a94      0x248 Libraries\FEHRPS.o
 .debug_frame   0x00001cdc       0x28 R:\fehqt\Proteus/EWL/lib/armv7e-m\libc.a(exit.o)
 .debug_frame   0x00001d04       0x28 R:\fehqt\Proteus/EWL/lib/armv7e-m\libc.a(memset.o)
 .debug_frame   0x00001d2c       0x20 R:\fehqt\Proteus/EWL/lib/armv7e-m\libc.a(strlen.o)
 .debug_frame   0x00001d4c       0x64 R:\fehqt\Proteus/EWL/lib/armv7e-m\libc.a(printformat_.o)
 .debug_frame   0x00001db0       0x3c R:\fehqt\Proteus/EWL/lib/armv7e-m\libc.a(scanformat_.o)
 .debug_frame   0x00001dec       0xf0 R:\fehqt\Proteus/EWL/lib/armv7e-m\libc.a(ctype_aeabi.o)
 .debug_frame   0x00001edc       0x3c R:\fehqt\Proteus/EWL/lib/armv7e-m\libc.a(__strtoul.o)
 .debug_frame   0x00001f18       0x2c R:\fehqt\Proteus/EWL/lib/armv7e-m\libc.a(__filll_mem.o)
 .debug_frame   0x00001f44       0x28 R:\fehqt\Proteus/EWL/lib/armv7e-m\libc.a(memchr.o)
 .debug_frame   0x00001f6c       0x20 R:\fehqt\Proteus/EWL/lib/armv7e-m\libc.a(strchr.o)
 .debug_frame   0x00001f8c       0x48 R:\fehqt\Proteus/EWL/lib/armv7e-m\librt.a(gcc_ctor_dtor.o)
 .debug_frame   0x00001fd4       0x48 R:\fehqt\Proteus/EWL/lib/armv7e-m\librt.a(ROMCopy.o)
 .debug_frame   0x0000201c       0xac R:\fehqt\Proteus/EWL/lib/armv7e-m\librt.a(__arm_eabi_init.o)
